Component: ARM Compiler 5.06 update 6 (build 750) Tool: armlink [4d35ed]

==============================================================================

Section Cross References

    startup_stm32f407xx.o(RESET) refers to startup_stm32f407xx.o(STACK) for __initial_sp
    startup_stm32f407xx.o(RESET) refers to startup_stm32f407xx.o(.text) for Reset_Handler
    startup_stm32f407xx.o(RESET) refers to stm32f4xx_it.o(i.NMI_Handler) for NMI_Handler
    startup_stm32f407xx.o(RESET) refers to stm32f4xx_it.o(i.HardFault_Handler) for HardFault_Handler
    startup_stm32f407xx.o(RESET) refers to stm32f4xx_it.o(i.MemManage_Handler) for MemManage_Handler
    startup_stm32f407xx.o(RESET) refers to stm32f4xx_it.o(i.BusFault_Handler) for BusFault_Handler
    startup_stm32f407xx.o(RESET) refers to stm32f4xx_it.o(i.UsageFault_Handler) for UsageFault_Handler
    startup_stm32f407xx.o(RESET) refers to port.o(.emb_text) for SVC_Handler
    startup_stm32f407xx.o(RESET) refers to stm32f4xx_it.o(i.DebugMon_Handler) for DebugMon_Handler
    startup_stm32f407xx.o(RESET) refers to port.o(i.SysTick_Handler) for SysTick_Handler
    startup_stm32f407xx.o(RESET) refers to stm32f4xx_it.o(i.DMA1_Stream0_IRQHandler) for DMA1_Stream0_IRQHandler
    startup_stm32f407xx.o(RESET) refers to stm32f4xx_it.o(i.DMA1_Stream2_IRQHandler) for DMA1_Stream2_IRQHandler
    startup_stm32f407xx.o(RESET) refers to stm32f4xx_it.o(i.DMA1_Stream5_IRQHandler) for DMA1_Stream5_IRQHandler
    startup_stm32f407xx.o(RESET) refers to stm32f4xx_it.o(i.TIM2_IRQHandler) for TIM2_IRQHandler
    startup_stm32f407xx.o(RESET) refers to stm32f4xx_it.o(i.USART1_IRQHandler) for USART1_IRQHandler
    startup_stm32f407xx.o(RESET) refers to stm32f4xx_it.o(i.USART2_IRQHandler) for USART2_IRQHandler
    startup_stm32f407xx.o(RESET) refers to stm32f4xx_it.o(i.UART4_IRQHandler) for UART4_IRQHandler
    startup_stm32f407xx.o(RESET) refers to stm32f4xx_it.o(i.UART5_IRQHandler) for UART5_IRQHandler
    startup_stm32f407xx.o(RESET) refers to stm32f4xx_it.o(i.DMA2_Stream2_IRQHandler) for DMA2_Stream2_IRQHandler
    startup_stm32f407xx.o(.text) refers to system_stm32f4xx.o(i.SystemInit) for SystemInit
    startup_stm32f407xx.o(.text) refers to entry.o(.ARM.Collect$$$$00000000) for __main
    drv_tim.o(i.ENCODER_Init) refers to stm32f4xx_hal_tim.o(i.HAL_TIM_Encoder_Start) for HAL_TIM_Encoder_Start
    drv_tim.o(i.ENCODER_Init) refers to tim.o(.bss) for htim1
    drv_tim.o(i.PWM_Init) refers to stm32f4xx_hal_tim.o(i.HAL_TIM_PWM_Start) for HAL_TIM_PWM_Start
    drv_tim.o(i.PWM_Init) refers to drv_tim.o(i.FRICTION_PwmOut) for FRICTION_PwmOut
    drv_tim.o(i.PWM_Init) refers to drv_tim.o(i.FLY_PwmOut) for FLY_PwmOut
    drv_tim.o(i.PWM_Init) refers to tim.o(.bss) for htim3
    drv_uart.o(i.DMAEx_MultiBufferStart_NoIT) refers to drv_uart.o(i.dma_m0_rxcplt_callback) for dma_m0_rxcplt_callback
    drv_uart.o(i.DMAEx_MultiBufferStart_NoIT) refers to drv_uart.o(i.dma_m1_rxcplt_callback) for dma_m1_rxcplt_callback
    drv_uart.o(i.DRV_UART_IRQHandler) refers to drv_uart.o(i.uart_rx_idle_callback) for uart_rx_idle_callback
    drv_uart.o(i.UART1_SendData) refers to stm32f4xx_hal_uart.o(i.HAL_UART_Transmit) for HAL_UART_Transmit
    drv_uart.o(i.UART1_SendData) refers to usart.o(.bss) for huart1
    drv_uart.o(i.UART5_SendData) refers to stm32f4xx_hal_uart.o(i.HAL_UART_Transmit) for HAL_UART_Transmit
    drv_uart.o(i.UART5_SendData) refers to usart.o(.bss) for huart5
    drv_uart.o(i.UART_SendData) refers to drv_uart.o(i.UART5_SendData) for UART5_SendData
    drv_uart.o(i.UART_SendData) refers to drv_uart.o(i.UART1_SendData) for UART1_SendData
    drv_uart.o(i.USART1_Init) refers to drv_uart.o(i.DMA_Start) for DMA_Start
    drv_uart.o(i.USART1_Init) refers to usart.o(.bss) for huart1
    drv_uart.o(i.USART1_Init) refers to drv_uart.o(.bss) for .bss
    drv_uart.o(i.USART2_Init) refers to drv_uart.o(i.DMAEx_MultiBufferStart_NoIT) for DMAEx_MultiBufferStart_NoIT
    drv_uart.o(i.USART2_Init) refers to usart.o(.bss) for huart2
    drv_uart.o(i.USART2_Init) refers to drv_uart.o(.bss) for .bss
    drv_uart.o(i.USART4_Init) refers to drv_uart.o(i.DMA_Start) for DMA_Start
    drv_uart.o(i.USART4_Init) refers to usart.o(.bss) for huart4
    drv_uart.o(i.USART4_Init) refers to drv_uart.o(.bss) for .bss
    drv_uart.o(i.USART5_Init) refers to drv_uart.o(i.DMA_Start) for DMA_Start
    drv_uart.o(i.USART5_Init) refers to usart.o(.bss) for huart5
    drv_uart.o(i.USART5_Init) refers to drv_uart.o(.bss) for .bss
    drv_uart.o(i.dma_m0_rxcplt_callback) refers to rc_potocol.o(i.USART2_rxDataHandler) for USART2_rxDataHandler
    drv_uart.o(i.dma_m0_rxcplt_callback) refers to drv_uart.o(.bss) for .bss
    drv_uart.o(i.dma_m1_rxcplt_callback) refers to rc_potocol.o(i.USART2_rxDataHandler) for USART2_rxDataHandler
    drv_uart.o(i.dma_m1_rxcplt_callback) refers to drv_uart.o(.bss) for .bss
    drv_uart.o(i.uart_rx_idle_callback) refers to drv_uart.o(i.USART4_rxDataHandler) for USART4_rxDataHandler
[...]
    CAN2_RX0_IRQHandler                      0x08000277   Thumb Code     0  startup_stm32f407xx.o(.text)
    CAN2_RX1_IRQHandler                      0x08000277   Thumb Code     0  startup_stm32f407xx.o(.text)
    CAN2_SCE_IRQHandler                      0x08000277   Thumb Code     0  startup_stm32f407xx.o(.text)
    CAN2_TX_IRQHandler                       0x08000277   Thumb Code     0  startup_stm32f407xx.o(.text)
    DCMI_IRQHandler                          0x08000277   Thumb Code     0  startup_stm32f407xx.o(.text)
    DMA1_Stream1_IRQHandler                  0x08000277   Thumb Code     0  startup_stm32f407xx.o(.text)
    DMA1_Stream3_IRQHandler                  0x08000277   Thumb Code     0  startup_stm32f407xx.o(.text)
    DMA1_Stream4_IRQHandler                  0x08000277   Thumb Code     0  startup_stm32f407xx.o(.text)
    DMA1_Stream6_IRQHandler                  0x08000277   Thumb Code     0  startup_stm32f407xx.o(.text)
    DMA1_Stream7_IRQHandler                  0x08000277   Thumb Code     0  startup_stm32f407xx.o(.text)
    DMA2_Stream0_IRQHandler                  0x08000277   Thumb Code     0  startup_stm32f407xx.o(.text)
    DMA2_Stream1_IRQHandler                  0x08000277   Thumb Code     0  startup_stm32f407xx.o(.text)
    DMA2_Stream3_IRQHandler                  0x08000277   Thumb Code     0  startup_stm32f407xx.o(.text)
    DMA2_Stream4_IRQHandler                  0x08000277   Thumb Code     0  startup_stm32f407xx.o(.text)
    DMA2_Stream5_IRQHandler                  0x08000277   Thumb Code     0  startup_stm32f407xx.o(.text)
    DMA2_Stream6_IRQHandler                  0x08000277   Thumb Code     0  startup_stm32f407xx.o(.text)
    DMA2_Stream7_IRQHandler                  0x08000277   Thumb Code     0  startup_stm32f407xx.o(.text)
    ETH_IRQHandler                           0x08000277   Thumb Code     0  startup_stm32f407xx.o(.text)
    ETH_WKUP_IRQHandler                      0x08000277   Thumb Code     0  startup_stm32f407xx.o(.text)
    EXTI0_IRQHandler                         0x08000277   Thumb Code     0  startup_stm32f407xx.o(.text)
    EXTI15_10_IRQHandler                     0x08000277   Thumb Code     0  startup_stm32f407xx.o(.text)
    EXTI1_IRQHandler                         0x08000277   Thumb Code     0  startup_stm32f407xx.o(.text)
    EXTI2_IRQHandler                         0x08000277   Thumb Code     0  startup_stm32f407xx.o(.text)
    EXTI3_IRQHandler                         0x08000277   Thumb Code     0  startup_stm32f407xx.o(.text)
    EXTI4_IRQHandler                         0x08000277   Thumb Code     0  startup_stm32f407xx.o(.text)
    EXTI9_5_IRQHandler                       0x08000277   Thumb Code     0  startup_stm32f407xx.o(.text)
    FLASH_IRQHandler                         0x08000277   Thumb Code     0  startup_stm32f407xx.o(.text)
    FMC_IRQHandler                           0x08000277   Thumb Code     0  startup_stm32f407xx.o(.text)
    FPU_IRQHandler                           0x08000277   Thumb Code     0  startup_stm32f407xx.o(.text)
    HASH_RNG_IRQHandler                      0x08000277   Thumb Code     0  startup_stm32f407xx.o(.text)
    I2C1_ER_IRQHandler                       0x08000277   Thumb Code     0  startup_stm32f407xx.o(.text)
    I2C1_EV_IRQHandler                       0x08000277   Thumb Code     0  startup_stm32f407xx.o(.text)
    I2C2_ER_IRQHandler                       0x08000277   Thumb Code     0  startup_stm32f407xx.o(.text)
    I2C2_EV_IRQHandler                       0x08000277   Thumb Code     0  startup_stm32f407xx.o(.text)
    I2C3_ER_IRQHandler                       0x08000277   Thumb Code     0  startup_stm32f407xx.o(.text)
    I2C3_EV_IRQHandler                       0x08000277   Thumb Code     0  startup_stm32f407xx.o(.text)
    OTG_FS_IRQHandler                        0x08000277   Thumb Code     0  startup_stm32f407xx.o(.text)
    OTG_FS_WKUP_IRQHandler                   0x08000277   Thumb Code     0  startup_stm32f407xx.o(.text)
    OTG_HS_EP1_IN_IRQHandler                 0x08000277   Thumb Code     0  startup_stm32f407xx.o(.text)
    OTG_HS_EP1_OUT_IRQHandler                0x08000277   Thumb Code     0  startup_stm32f407xx.o(.text)
    OTG_HS_IRQHandler                        0x08000277   Thumb Code     0  startup_stm32f407xx.o(.text)
    OTG_HS_WKUP_IRQHandler                   0x08000277   Thumb Code     0  startup_stm32f407xx.o(.text)
    PVD_IRQHandler                           0x08000277   Thumb Code     0  startup_stm32f407xx.o(.text)
    RCC_IRQHandler                           0x08000277   Thumb Code     0  startup_stm32f407xx.o(.text)
    RTC_Alarm_IRQHandler                     0x08000277   Thumb Code     0  startup_stm32f407xx.o(.text)
    RTC_WKUP_IRQHandler                      0x08000277   Thumb Code     0  startup_stm32f407xx.o(.text)
    SDIO_IRQHandler                          0x08000277   Thumb Code     0  startup_stm32f407xx.o(.text)
    SPI1_IRQHandler                          0x08000277   Thumb Code     0  startup_stm32f407xx.o(.text)
    SPI2_IRQHandler                          0x08000277   Thumb Code     0  startup_stm32f407xx.o(.text)
    SPI3_IRQHandler                          0x08000277   Thumb Code     0  startup_stm32f407xx.o(.text)
    TAMP_STAMP_IRQHandler                    0x08000277   Thumb Code     0  startup_stm32f407xx.o(.text)
    TIM1_BRK_TIM9_IRQHandler                 0x08000277   Thumb Code     0  startup_stm32f407xx.o(.text)
    TIM1_CC_IRQHandler                       0x08000277   Thumb Code     0  startup_stm32f407xx.o(.text)
    TIM1_TRG_COM_TIM11_IRQHandler            0x08000277   Thumb Code     0  startup_stm32f407xx.o(.text)
    TIM1_UP_TIM10_IRQHandler                 0x08000277   Thumb Code     0  startup_stm32f407xx.o(.text)
    TIM3_IRQHandler                          0x08000277   Thumb Code     0  startup_stm32f407xx.o(.text)
    TIM4_IRQHandler                          0x08000277   Thumb Code     0  startup_stm32f407xx.o(.text)
    TIM5_IRQHandler                          0x08000277   Thumb Code     0  startup_stm32f407xx.o(.text)
    TIM6_DAC_IRQHandler                      0x08000277   Thumb Code     0  startup_stm32f407xx.o(.text)
    TIM7_IRQHandler                          0x08000277   Thumb Code     0  startup_stm32f407xx.o(.text)
    TIM8_BRK_TIM12_IRQHandler                0x08000277   Thumb Code     0  startup_stm32f407xx.o(.text)
    TIM8_CC_IRQHandler                       0x08000277   Thumb Code     0  startup_stm32f407xx.o(.text)
    TIM8_TRG_COM_TIM14_IRQHandler            0x08000277   Thumb Code     0  startup_stm32f407xx.o(.text)
    TIM8_UP_TIM13_IRQHandler                 0x08000277   Thumb Code     0  startup_stm32f407xx.o(.text)
    USART3_IRQHandler                        0x08000277   Thumb Code     0  startup_stm32f407xx.o(.text)
    USART6_IRQHandler                        0x08000277   Thumb Code     0  startup_stm32f407xx.o(.text)
    WWDG_IRQHandler                          0x08000277   Thumb Code     0  startup_stm32f407xx.o(.text)
    __aeabi_uldivmod                         0x08000281   Thumb Code    98  uldiv.o(.text)
    __aeabi_memcpy                           0x080002e3   Thumb Code    36  memcpya.o(.text)
    __aeabi_memcpy4                          0x080002e3   Thumb Code     0  memcpya.o(.text)
    __aeabi_memcpy8                          0x080002e3   Thumb Code     0  memcpya.o(.text)
    __aeabi_memset                           0x08000307   Thumb Code    14  memseta.o(.text)
    __aeabi_memset4                          0x08000307   Thumb Code     0  memseta.o(.text)
    __aeabi_memset8                          0x08000307   Thumb Code     0  memseta.o(.text)
    __aeabi_memclr                           0x08000315   Thumb Code     4  memseta.o(.text)
    __aeabi_memclr4                          0x08000315   Thumb Code     0  memseta.o(.text)
    __aeabi_memclr8                          0x08000315   Thumb Code     0  memseta.o(.text)
    memset                                   0x08000319   Thumb Code    18  memseta.o(.text)
    __aeabi_dmul                             0x0800032b   Thumb Code   228  dmul.o(.text)
    __aeabi_f2d                              0x0800040f   Thumb Code    38  f2d.o(.text)
    __aeabi_d2f                              0x08000435   Thumb Code    56  d2f.o(.text)
    __aeabi_llsl                             0x0800046d   Thumb Code    30  llshl.o(.text)
    _ll_shift_l                              0x0800046d   Thumb Code     0  llshl.o(.text)
    __aeabi_llsr                             0x0800048b   Thumb Code    32  llushr.o(.text)
    _ll_ushift_r                             0x0800048b   Thumb Code     0  llushr.o(.text)
    __I$use$fp                               0x080004ab   Thumb Code     0  iusefp.o(.text)
    _float_round                             0x080004ab   Thumb Code    18  fepilogue.o(.text)
    _float_epilogue                          0x080004bd   Thumb Code    92  fepilogue.o(.text)
    _double_round                            0x08000519   Thumb Code    30  depilogue.o(.text)
    _double_epilogue                         0x08000537   Thumb Code   156  depilogue.o(.text)
    __aeabi_dadd                             0x080005d3   Thumb Code   322  dadd.o(.text)
    __aeabi_dsub                             0x08000715   Thumb Code     6  dadd.o(.text)
    __aeabi_drsub                            0x0800071b   Thumb Code     6  dadd.o(.text)
    __aeabi_ddiv                             0x08000721   Thumb Code   222  ddiv.o(.text)
    __scatterload                            0x08000801   Thumb Code    28  init.o(.text)
    __scatterload_rt2                        0x08000801   Thumb Code     0  init.o(.text)
    __aeabi_lasr                             0x08000825   Thumb Code    36  llsshr.o(.text)
    _ll_sshift_r                             0x08000825   Thumb Code     0  llsshr.o(.text)
    _dsqrt                                   0x08000849   Thumb Code   162  dsqrt.o(.text)
    __decompress                             0x080008eb   Thumb Code     0  __dczerorl2.o(.text)
    __decompress1                            0x080008eb   Thumb Code    86  __dczerorl2.o(.text)
    ADC_Init                                 0x08000941   Thumb Code     2  drv_adda.o(i.ADC_Init)
    Application_Init                         0x08000a6d   Thumb Code     4  system_task.o(i.Application_Init)
    BMI_Get_EulerAngle                       0x08000bc1   Thumb Code  1116  bmi.o(i.BMI_Get_EulerAngle)
    BMI_Get_RawData                          0x0800101d   Thumb Code    72  bmi.o(i.BMI_Get_RawData)
    BMI_Init                                 0x08001065   Thumb Code   104  bmi.o(i.BMI_Init)
    BusFault_Handler                         0x080010d1   Thumb Code     2  stm32f4xx_it.o(i.BusFault_Handler)
    Control_Init                             0x080010d5   Thumb Code   192  control_task.o(i.Control_Init)
    DAC_Init                                 0x0800120d   Thumb Code     8  drv_adda.o(i.DAC_Init)
    DEV_Init                                 0x08001219   Thumb Code     8  device.o(i.DEV_Init)
    DMA1_Stream0_IRQHandler                  0x08001225   Thumb Code     6  stm32f4xx_it.o(i.DMA1_Stream0_IRQHandler)
    DMA1_Stream2_IRQHandler                  0x08001231   Thumb Code     6  stm32f4xx_it.o(i.DMA1_Stream2_IRQHandler)
    DMA1_Stream5_IRQHandler                  0x0800123d   Thumb Code     6  stm32f4xx_it.o(i.DMA1_Stream5_IRQHandler)
    DMA2_Stream2_IRQHandler                  0x08001249   Thumb Code     6  stm32f4xx_it.o(i.DMA2_Stream2_IRQHandler)
    DRIVER_Init                              0x08001579   Thumb Code    40  driver.o(i.DRIVER_Init)
    DRV_UART_IRQHandler                      0x080015a5   Thumb Code    20  drv_uart.o(i.DRV_UART_IRQHandler)
    DebugMon_Handler                         0x080015bd   Thumb Code     2  stm32f4xx_it.o(i.DebugMon_Handler)
    Error_Handler                            0x080015bf   Thumb Code     2  main.o(i.Error_Handler)
    FLY_PwmOut                               0x080015c1   Thumb Code    86  drv_tim.o(i.FLY_PwmOut)
    FRICTION_PwmOut                          0x0800161d   Thumb Code    18  drv_tim.o(i.FRICTION_PwmOut)
    Fly_clear                                0x08001635   Thumb Code   108  control_task.o(i.Fly_clear)
    HAL_ADC_ConfigChannel                    0x080016ad   Thumb Code   316  stm32f4xx_hal_adc.o(i.HAL_ADC_ConfigChannel)
    HAL_ADC_Init                             0x080017f9   Thumb Code    84  stm32f4xx_hal_adc.o(i.HAL_ADC_Init)
    HAL_ADC_MspInit                          0x0800184d   Thumb Code    84  adc.o(i.HAL_ADC_MspInit)
    HAL_DAC_ConfigChannel                    0x080018ad   Thumb Code    66  stm32f4xx_hal_dac.o(i.HAL_DAC_ConfigChannel)
    HAL_DAC_Init                             0x080018ef   Thumb Code    40  stm32f4xx_hal_dac.o(i.HAL_DAC_Init)
    HAL_DAC_MspInit                          0x08001919   Thumb Code    84  dac.o(i.HAL_DAC_MspInit)
    HAL_DAC_Start                            0x08001979   Thumb Code   108  stm32f4xx_hal_dac.o(i.HAL_DAC_Start)
    HAL_DMA_Abort_IT                         0x080019e5   Thumb Code    36  stm32f4xx_hal_dma.o(i.HAL_DMA_Abort_IT)
    HAL_DMA_IRQHandler                       0x08001a09   Thumb Code   412  stm32f4xx_hal_dma.o(i.HAL_DMA_IRQHandler)
    HAL_DMA_Init                             0x08001ba9   Thumb Code   206  stm32f4xx_hal_dma.o(i.HAL_DMA_Init)
    HAL_GPIO_Init                            0x08001c7d   Thumb Code   394  stm32f4xx_hal_gpio.o(i.HAL_GPIO_Init)
    HAL_GPIO_WritePin                        0x08001e35   Thumb Code    10  stm32f4xx_hal_gpio.o(i.HAL_GPIO_WritePin)
    HAL_GetTick                              0x08001e41   Thumb Code     6  stm32f4xx_hal.o(i.HAL_GetTick)
    HAL_IncTick                              0x08001e4d   Thumb Code    12  stm32f4xx_hal.o(i.HAL_IncTick)
    HAL_Init                                 0x08001e5d   Thumb Code    48  stm32f4xx_hal.o(i.HAL_Init)
    HAL_InitTick                             0x08001e91   Thumb Code   102  stm32f4xx_hal_timebase_tim.o(i.HAL_InitTick)
    HAL_MspInit                              0x08001f05   Thumb Code    52  stm32f4xx_hal_msp.o(i.HAL_MspInit)
    HAL_NVIC_EnableIRQ                       0x08001f3d   Thumb Code    26  stm32f4xx_hal_cortex.o(i.HAL_NVIC_EnableIRQ)
    HAL_NVIC_SetPriority                     0x08001f59   Thumb Code    60  stm32f4xx_hal_cortex.o(i.HAL_NVIC_SetPriority)
    HAL_NVIC_SetPriorityGrouping             0x08001f99   Thumb Code    26  stm32f4xx_hal_cortex.o(i.HAL_NVIC_SetPriorityGrouping)
    HAL_RCC_ClockConfig                      0x08001fbd   Thumb Code   288  stm32f4xx_hal_rcc.o(i.HAL_RCC_ClockConfig)
    HAL_RCC_GetClockConfig                   0x080020f1   Thumb Code    54  stm32f4xx_hal_rcc.o(i.HAL_RCC_GetClockConfig)
    HAL_RCC_GetPCLK1Freq                     0x08002131   Thumb Code    20  stm32f4xx_hal_rcc.o(i.HAL_RCC_GetPCLK1Freq)
    HAL_RCC_GetPCLK2Freq                     0x08002151   Thumb Code    20  stm32f4xx_hal_rcc.o(i.HAL_RCC_GetPCLK2Freq)
    HAL_RCC_GetSysClockFreq                  0x08002171   Thumb Code    88  stm32f4xx_hal_rcc.o(i.HAL_RCC_GetSysClockFreq)
    HAL_RCC_OscConfig                        0x080021d5   Thumb Code   840  stm32f4xx_hal_rcc.o(i.HAL_RCC_OscConfig)
    HAL_TIMEx_BreakCallback                  0x08002531   Thumb Code     2  stm32f4xx_hal_tim_ex.o(i.HAL_TIMEx_BreakCallback)
    HAL_TIMEx_CommutCallback                 0x08002533   Thumb Code     2  stm32f4xx_hal_tim_ex.o(i.HAL_TIMEx_CommutCallback)
    HAL_TIMEx_MasterConfigSynchronization    0x08002535   Thumb Code   116  stm32f4xx_hal_tim_ex.o(i.HAL_TIMEx_MasterConfigSynchronization)
    HAL_TIM_Base_Init                        0x080025c5   Thumb Code    54  stm32f4xx_hal_tim.o(i.HAL_TIM_Base_Init)
    HAL_TIM_Base_MspInit                     0x080025fd   Thumb Code    52  tim.o(i.HAL_TIM_Base_MspInit)
    HAL_TIM_Base_Start_IT                    0x0800263d   Thumb Code    34  stm32f4xx_hal_tim.o(i.HAL_TIM_Base_Start_IT)
    HAL_TIM_ConfigClockSource                0x0800265f   Thumb Code   214  stm32f4xx_hal_tim.o(i.HAL_TIM_ConfigClockSource)
    HAL_TIM_Encoder_Init                     0x08002735   Thumb Code   152  stm32f4xx_hal_tim.o(i.HAL_TIM_Encoder_Init)
    HAL_TIM_Encoder_MspInit                  0x080027cd   Thumb Code    92  tim.o(i.HAL_TIM_Encoder_MspInit)
    HAL_TIM_IC_CaptureCallback               0x08002835   Thumb Code     2  stm32f4xx_hal_tim.o(i.HAL_TIM_IC_CaptureCallback)
    HAL_TIM_IRQHandler                       0x08002837   Thumb Code   358  stm32f4xx_hal_tim.o(i.HAL_TIM_IRQHandler)
    HAL_TIM_MspPostInit                      0x0800299d   Thumb Code   110  tim.o(i.HAL_TIM_MspPostInit)
    HAL_TIM_OC_DelayElapsedCallback          0x08002a21   Thumb Code     2  stm32f4xx_hal_tim.o(i.HAL_TIM_OC_DelayElapsedCallback)
    HAL_TIM_PWM_ConfigChannel                0x08002a23   Thumb Code   208  stm32f4xx_hal_tim.o(i.HAL_TIM_PWM_ConfigChannel)
    HAL_TIM_PWM_Init                         0x08002af3   Thumb Code    54  stm32f4xx_hal_tim.o(i.HAL_TIM_PWM_Init)
    HAL_TIM_PWM_MspInit                      0x08002b29   Thumb Code     2  stm32f4xx_hal_tim.o(i.HAL_TIM_PWM_MspInit)
    HAL_TIM_PWM_PulseFinishedCallback        0x08002b2b   Thumb Code     2  stm32f4xx_hal_tim.o(i.HAL_TIM_PWM_PulseFinishedCallback)
    HAL_TIM_PWM_Start                        0x08002b2d   Thumb Code    58  stm32f4xx_hal_tim.o(i.HAL_TIM_PWM_Start)
    HAL_TIM_PeriodElapsedCallback            0x08002b71   Thumb Code    14  main.o(i.HAL_TIM_PeriodElapsedCallback)
    HAL_TIM_TriggerCallback                  0x08002b7f   Thumb Code     2  stm32f4xx_hal_tim.o(i.HAL_TIM_TriggerCallback)
    HAL_UART_ErrorCallback                   0x08002b81   Thumb Code     2  stm32f4xx_hal_uart.o(i.HAL_UART_ErrorCallback)
    HAL_UART_IRQHandler                      0x08002b85   Thumb Code   270  stm32f4xx_hal_uart.o(i.HAL_UART_IRQHandler)
    HAL_UART_Init                            0x08002c99   Thumb Code    98  stm32f4xx_hal_uart.o(i.HAL_UART_Init)
    HAL_UART_MspInit                         0x08002cfd   Thumb Code   716  usart.o(i.HAL_UART_MspInit)
    HAL_UART_RxCpltCallback                  0x08002ff9   Thumb Code     2  stm32f4xx_hal_uart.o(i.HAL_UART_RxCpltCallback)
    HAL_UART_TxCpltCallback                  0x08002ffb   Thumb Code     2  stm32f4xx_hal_uart.o(i.HAL_UART_TxCpltCallback)
    HardFault_Handler                        0x08002ffd   Thumb Code     2  stm32f4xx_it.o(i.HardFault_Handler)
    IIC_Ack                                  0x08003001   Thumb Code    56  soft_iic.o(i.IIC_Ack)
    IIC_NAck                                 0x08003041   Thumb Code    56  soft_iic.o(i.IIC_NAck)
    IIC_Read_Byte                            0x08003081   Thumb Code    96  soft_iic.o(i.IIC_Read_Byte)
    IIC_Send_Byte                            0x080030e9   Thumb Code    86  soft_iic.o(i.IIC_Send_Byte)
    IIC_Start                                0x08003149   Thumb Code    56  soft_iic.o(i.IIC_Start)
    IIC_Stop                                 0x08003189   Thumb Code    58  soft_iic.o(i.IIC_Stop)
    IIC_Wait_Ack                             0x080031cd   Thumb Code    74  soft_iic.o(i.IIC_Wait_Ack)
    MPU_Read_Byte                            0x08003221   Thumb Code    72  bmi2_common.o(i.MPU_Read_Byte)
    MPU_Read_all                             0x0800326d   Thumb Code    92  bmi2_common.o(i.MPU_Read_all)
    MX_ADC1_Init                             0x080032cd   Thumb Code    88  adc.o(i.MX_ADC1_Init)
    MX_DAC_Init                              0x08003331   Thumb Code    52  dac.o(i.MX_DAC_Init)
    MX_DMA_Init                              0x0800336d   Thumb Code   104  dma.o(i.MX_DMA_Init)
    MX_FREERTOS_Init                         0x080033d9   Thumb Code    74  freertos.o(i.MX_FREERTOS_Init)
    MX_GPIO_Init                             0x0800342d   Thumb Code   284  gpio.o(i.MX_GPIO_Init)
    MX_TIM1_Init                             0x0800355d   Thumb Code   100  tim.o(i.MX_TIM1_Init)
    MX_TIM3_Init                             0x080035c9   Thumb Code   160  tim.o(i.MX_TIM3_Init)
    MX_TIM4_Init                             0x08003671   Thumb Code   192  tim.o(i.MX_TIM4_Init)
    MX_UART4_Init                            0x08003739   Thumb Code    48  usart.o(i.MX_UART4_Init)
    MX_UART5_Init                            0x08003771   Thumb Code    48  usart.o(i.MX_UART5_Init)
    MX_USART1_UART_Init                      0x080037a9   Thumb Code    48  usart.o(i.MX_USART1_UART_Init)
    MX_USART2_UART_Init                      0x080037e1   Thumb Code    46  usart.o(i.MX_USART2_UART_Init)
    MemManage_Handler                        0x0800381d   Thumb Code     2  stm32f4xx_it.o(i.MemManage_Handler)
    NMI_Handler                              0x0800381f   Thumb Code     2  stm32f4xx_it.o(i.NMI_Handler)
    PWM_Init                                 0x08003821   Thumb Code    74  drv_tim.o(i.PWM_Init)
    RC_ResetData                             0x08003875   Thumb Code    58  rc_sensor.o(i.RC_ResetData)
    Set_accel                                0x080038af   Thumb Code    84  bmi.o(i.Set_accel)
    Set_gyro                                 0x08003903   Thumb Code    88  bmi.o(i.Set_gyro)
    StartControlTask                         0x0800395d   Thumb Code   132  control_task.o(i.StartControlTask)
    StartMonitorTask                         0x080039f9   Thumb Code    34  monitor_task.o(i.StartMonitorTask)
    StartSystemTask                          0x08003a25   Thumb Code   118  system_task.o(i.StartSystemTask)
    SysTick_Handler                          0x08003aa5   Thumb Code    38  port.o(i.SysTick_Handler)
    SystemClock_Config                       0x08003ad1   Thumb Code   126  main.o(i.SystemClock_Config)
    SystemInit                               0x08003b59   Thumb Code    22  system_stm32f4xx.o(i.SystemInit)
    TIM2_IRQHandler                          0x08003b75   Thumb Code     6  stm32f4xx_it.o(i.TIM2_IRQHandler)
    TIM_Base_SetConfig                       0x08003b81   Thumb Code   156  stm32f4xx_hal_tim.o(i.TIM_Base_SetConfig)
    TIM_CCxChannelCmd                        0x08003c49   Thumb Code    26  stm32f4xx_hal_tim.o(i.TIM_CCxChannelCmd)
    TIM_ETR_SetConfig                        0x08003c63   Thumb Code    20  stm32f4xx_hal_tim.o(i.TIM_ETR_SetConfig)
    TIM_OC2_SetConfig                        0x08003ce9   Thumb Code    98  stm32f4xx_hal_tim.o(i.TIM_OC2_SetConfig)
    UART4_IRQHandler                         0x08003e55   Thumb Code     6  stm32f4xx_it.o(i.UART4_IRQHandler)
    UART5_IRQHandler                         0x08003e61   Thumb Code    18  stm32f4xx_it.o(i.UART5_IRQHandler)
    USART1_IRQHandler                        0x080040c9   Thumb Code    18  stm32f4xx_it.o(i.USART1_IRQHandler)
    USART1_Init                              0x080040e1   Thumb Code    46  drv_uart.o(i.USART1_Init)
    USART1_rxDataHandler                     0x08004119   Thumb Code     2  drv_uart.o(i.USART1_rxDataHandler)
    USART2_IRQHandler                        0x0800411d   Thumb Code    18  stm32f4xx_it.o(i.USART2_IRQHandler)
    USART2_Init                              0x08004135   Thumb Code    52  drv_uart.o(i.USART2_Init)
    USART2_rxDataHandler                     0x08004171   Thumb Code    22  rc_potocol.o(i.USART2_rxDataHandler)
    USART4_Init                              0x0800418d   Thumb Code    46  drv_uart.o(i.USART4_Init)
    USART4_rxDataHandler                     0x080041c5   Thumb Code     2  drv_uart.o(i.USART4_rxDataHandler)
    USART5_Init                              0x080041c9   Thumb Code    46  drv_uart.o(i.USART5_Init)
    USART5_rxDataHandler                     0x08004201   Thumb Code     2  drv_uart.o(i.USART5_rxDataHandler)
    UsageFault_Handler                       0x08004203   Thumb Code     2  stm32f4xx_it.o(i.UsageFault_Handler)
    __ARM_fpclassify                         0x08004205   Thumb Code    48  fpclassify.o(i.__ARM_fpclassify)
    __hardfp_asin                            0x08004279   Thumb Code   770  asin.o(i.__hardfp_asin)
    __hardfp_atan                            0x080045d9   Thumb Code   622  atan.o(i.__hardfp_atan)
    __hardfp_atan2                           0x080048b1   Thumb Code   432  atan2.o(i.__hardfp_atan2)
    __kernel_poly                            0x08004aa1   Thumb Code   248  poly.o(i.__kernel_poly)
    __mathlib_dbl_infnan                     0x08004b99   Thumb Code    20  dunder.o(i.__mathlib_dbl_infnan)
    __mathlib_dbl_infnan2                    0x08004bad   Thumb Code    20  dunder.o(i.__mathlib_dbl_infnan2)
    __mathlib_dbl_invalid                    0x08004bc1   Thumb Code    24  dunder.o(i.__mathlib_dbl_invalid)
    __mathlib_dbl_underflow                  0x08004be1   Thumb Code    24  dunder.o(i.__mathlib_dbl_underflow)
    __scatterload_copy                       0x08004c01   Thumb Code    14  handlers.o(i.__scatterload_copy)
    __scatterload_null                       0x08004c0f   Thumb Code     2  handlers.o(i.__scatterload_null)
    __scatterload_zeroinit                   0x08004c11   Thumb Code    14  handlers.o(i.__scatterload_zeroinit)
    __set_errno                              0x08004c21   Thumb Code     6  errno.o(i.__set_errno)
    atan                                     0x08004c95   Thumb Code    16  atan.o(i.atan)
    bmi270_init                              0x08004ca5   Thumb Code   110  bmi270.o(i.bmi270_init)
    bmi2_error_codes_print_result            0x08004d1d   Thumb Code     2  bmi2_common.o(i.bmi2_error_codes_print_result)
    bmi2_extract_input_feat_config           0x08004d1f   Thumb Code    54  bmi2.o(i.bmi2_extract_input_feat_config)
    bmi2_get_feat_config                     0x08004d55   Thumb Code   160  bmi2.o(i.bmi2_get_feat_config)
    bmi2_get_gyro_cross_sense                0x08004df5   Thumb Code    60  bmi2.o(i.bmi2_get_gyro_cross_sense)
    bmi2_get_internal_status                 0x08004e31   Thumb Code    48  bmi2.o(i.bmi2_get_internal_status)
    bmi2_get_regs                            0x08004e61   Thumb Code   146  bmi2.o(i.bmi2_get_regs)
    bmi2_get_sensor_config                   0x08004ef5   Thumb Code   570  bmi2.o(i.bmi2_get_sensor_config)
    bmi2_get_sensor_data                     0x0800512f   Thumb Code   734  bmi2.o(i.bmi2_get_sensor_data)
    bmi2_get_status                          0x0800540d   Thumb Code    38  bmi2.o(i.bmi2_get_status)
    bmi2_interface_selection                 0x08005435   Thumb Code    48  bmi2_common.o(i.bmi2_interface_selection)
    bmi2_map_data_int                        0x08005475   Thumb Code   118  bmi2.o(i.bmi2_map_data_int)
    bmi2_sec_init                            0x080054ed   Thumb Code    96  bmi2.o(i.bmi2_sec_init)
    bmi2_sensor_enable                       0x08005551   Thumb Code    56  bmi2.o(i.bmi2_sensor_enable)
    bmi2_set_adv_power_save                  0x08005589   Thumb Code    98  bmi2.o(i.bmi2_set_adv_power_save)
    bmi2_set_regs                            0x080055ed   Thumb Code   156  bmi2.o(i.bmi2_set_regs)
    bmi2_set_sensor_config                   0x08005689   Thumb Code   486  bmi2.o(i.bmi2_set_sensor_config)
    bmi2_soft_reset                          0x0800586f   Thumb Code    96  bmi2.o(i.bmi2_soft_reset)
    bmi2_write_config_file                   0x080058cf   Thumb Code    86  bmi2.o(i.bmi2_write_config_file)
    delay_us                                 0x08005a89   Thumb Code    24  drv_haltick.o(i.delay_us)
    fabs                                     0x08005b07   Thumb Code    24  fabs.o(i.fabs)
    findAction                               0x08005b1f   Thumb Code    50  system_task.o(i.findAction)
    findTranss                               0x08005b51   Thumb Code    60  system_task.o(i.findTranss)
    free                                     0x08005b8d   Thumb Code    76  malloc.o(i.free)
    imu_sensor_init                          0x08006b9d   Thumb Code   108  imu_potocol.o(i.imu_sensor_init)
    imu_sensor_update                        0x08006c0d   Thumb Code    90  imu_potocol.o(i.imu_sensor_update)
    inVSqrt                                  0x08006c6d   Thumb Code    40  bmi.o(i.inVSqrt)
    main                                     0x08006cf5   Thumb Code    74  main.o(i.main)
    malloc                                   0x08006d4d   Thumb Code    92  malloc.o(i.malloc)
    micros                                   0x08006db9   Thumb Code    30  drv_haltick.o(i.micros)
    osDelay                                  0x08006df5   Thumb Code    14  cmsis_os.o(i.osDelay)
    osKernelStart                            0x08006e03   Thumb Code    10  cmsis_os.o(i.osKernelStart)
    osThreadCreate                           0x08006e0d   Thumb Code    84  cmsis_os.o(i.osThreadCreate)
    pid_calculate                            0x08006e61   Thumb Code   150  pid.o(i.pid_calculate)
    pvPortMalloc                             0x08007245   Thumb Code   210  heap_4.o(i.pvPortMalloc)
    pxPortInitialiseStack                    0x0800731d   Thumb Code    40  port.o(i.pxPortInitialiseStack)
    rc_sensor_init                           0x0800744f   Thumb Code    22  rc_potocol.o(i.rc_sensor_init)
    rc_sensor_update                         0x08007465   Thumb Code   136  rc_potocol.o(i.rc_sensor_update)
    sqrt                                     0x08009465   Thumb Code   110  sqrt.o(i.sqrt)
    transStatemachine                        0x08009575   Thumb Code    40  system_task.o(i.transStatemachine)
    user_delay_us                            0x080096a5   Thumb Code     4  bmi2_common.o(i.user_delay_us)
    user_i2c_reg_read                        0x080096a9   Thumb Code    36  bmi2_common.o(i.user_i2c_reg_read)
    user_i2c_reg_write                       0x080096cd   Thumb Code    70  bmi2_common.o(i.user_i2c_reg_write)
    uxListRemove                             0x08009719   Thumb Code    38  list.o(i.uxListRemove)
    vApplicationGetIdleTaskMemory            0x08009741   Thumb Code    16  freertos.o(i.vApplicationGetIdleTaskMemory)
    vListInitialise                          0x08009755   Thumb Code    22  list.o(i.vListInitialise)
    vListInitialiseItem                      0x0800976b   Thumb Code     6  list.o(i.vListInitialiseItem)
    vListInsert                              0x08009771   Thumb Code    48  list.o(i.vListInsert)
    vListInsertEnd                           0x080097a1   Thumb Code    24  list.o(i.vListInsertEnd)
    vPortEnterCritical                       0x080097b9   Thumb Code    54  port.o(i.vPortEnterCritical)
    vPortExitCritical                        0x080097f9   Thumb Code    34  port.o(i.vPortExitCritical)
    vPortFree                                0x08009821   Thumb Code    88  heap_4.o(i.vPortFree)
    vPortSetupTimerInterrupt                 0x0800987d   Thumb Code    32  port.o(i.vPortSetupTimerInterrupt)
    vTaskDelay                               0x080098a1   Thumb Code    66  tasks.o(i.vTaskDelay)
    vTaskStartScheduler                      0x080098ed   Thumb Code    90  tasks.o(i.vTaskStartScheduler)
    vTaskSuspendAll                          0x08009959   Thumb Code    10  tasks.o(i.vTaskSuspendAll)
    vTaskSwitchContext                       0x08009969   Thumb Code    82  tasks.o(i.vTaskSwitchContext)
    xPortStartScheduler                      0x08009aa9   Thumb Code   222  port.o(i.xPortStartScheduler)
    xTaskCreate                              0x08009b9d   Thumb Code    90  tasks.o(i.xTaskCreate)
    xTaskCreateStatic                        0x08009bf7   Thumb Code    86  tasks.o(i.xTaskCreateStatic)
    xTaskIncrementTick                       0x08009c4d   Thumb Code   192  tasks.o(i.xTaskIncrementTick)
    xTaskResumeAll                           0x08009d15   Thumb Code   182  tasks.o(i.xTaskResumeAll)
    bmi270_config_file                       0x08009dde   Data        8192  bmi270.o(.constdata)
    bmi270_feat_in                           0x0800bdde   Data          48  bmi270.o(.constdata)
    bmi270_feat_out                          0x0800be0e   Data          21  bmi270.o(.constdata)
    AHBPrescTable                            0x0800be80   Data          16  system_stm32f4xx.o(.constdata)
    APBPrescTable                            0x0800be90   Data           8  system_stm32f4xx.o(.constdata)
    __mathlib_zero                           0x0800bf80   Data           8  qnan.o(.constdata)
    Region$$Table$$Base                      0x0800bfac   Number         0  anon$$obj.o(Region$$Table)
    Region$$Table$$Limit                     0x0800bfcc   Number         0  anon$$obj.o(Region$$Table)
    haltick                                  0x20000000   Data           4  drv_haltick.o(.data)
    Kp                                       0x20000004   Data           4  bmi.o(.data)
    Ki                                       0x20000008   Data           4  bmi.o(.data)
    halfT                                    0x2000000c   Data           4  bmi.o(.data)
    q0                                       0x20000010   Data           4  bmi.o(.data)
    q1                                       0x20000014   Data           4  bmi.o(.data)
    q2                                       0x20000018   Data           4  bmi.o(.data)
    q3                                       0x2000001c   Data           4  bmi.o(.data)
    norm                                     0x20000020   Data           4  bmi.o(.data)
    vx                                       0x20000024   Data           4  bmi.o(.data)
    vy                                       0x20000028   Data           4  bmi.o(.data)
    vz                                       0x2000002c   Data           4  bmi.o(.data)
    ex                                       0x20000030   Data           4  bmi.o(.data)
    ey                                       0x20000034   Data           4  bmi.o(.data)
    ez                                       0x20000038   Data           4  bmi.o(.data)
    gx                                       0x2000003c   Data           4  bmi.o(.data)
    gy                                       0x20000040   Data           4  bmi.o(.data)
    gz                                       0x20000044   Data           4  bmi.o(.data)
    ax                                       0x20000048   Data           4  bmi.o(.data)
    ay                                       0x2000004c   Data           4  bmi.o(.data)
    az                                       0x20000050   Data           4  bmi.o(.data)
    exInt                                    0x20000054   Data           4  bmi.o(.data)
    eyInt                                    0x20000058   Data           4  bmi.o(.data)
    ezInt                                    0x2000005c   Data           4  bmi.o(.data)
    q0temp                                   0x20000060   Data           4  bmi.o(.data)
    q1temp                                   0x20000064   Data           4  bmi.o(.data)
    q2temp                                   0x20000068   Data           4  bmi.o(.data)
    q3temp                                   0x2000006c   Data           4  bmi.o(.data)
    MPU_ADDR                                 0x20000070   Data           1  bmi2_common.o(.data)
    rc_sensor_info                           0x20000072   Data          38  rc_sensor.o(.data)
    rc_sensor                                0x20000098   Data          28  rc_sensor.o(.data)
    imu_sensor_driver                        0x200000b4   Data           1  imu_sensor.o(.data)
    imu_sensor_info                          0x200000b8   Data          44  imu_sensor.o(.data)
    imu_sensor                               0x200000e4   Data          28  imu_sensor.o(.data)
    roll_rec2                                0x20000104   Data           4  imu_sensor.o(.data)
    dev_list                                 0x20000108   Data           8  device.o(.data)
    sys                                      0x20000114   Data          12  system_task.o(.data)
    sysmachine                               0x20000120   Data          16  system_task.o(.data)
    syslogic                                 0x20000130   Data          48  system_task.o(.data)
    NormalPwm                                0x20000166   Data           4  control_task.o(.data)
    FlyPwm                                   0x2000016a   Data           8  control_task.o(.data)
    gyrox                                    0x20000172   Data           2  imu_potocol.o(.data)
    gyroy                                    0x20000174   Data           2  imu_potocol.o(.data)
    gyroz                                    0x20000176   Data           2  imu_potocol.o(.data)
    accx                                     0x20000178   Data           2  imu_potocol.o(.data)
    accy                                     0x2000017a   Data           2  imu_potocol.o(.data)
    accz                                     0x2000017c   Data           2  imu_potocol.o(.data)
    MonitorTaskHandle                        0x20000180   Data           4  freertos.o(.data)
    ControlTaskHandle                        0x20000184   Data           4  freertos.o(.data)
    SystemTaskHandle                         0x20000188   Data           4  freertos.o(.data)
    uwTickFreq                               0x2000018c   Data           1  stm32f4xx_hal.o(.data)
    uwTickPrio                               0x20000190   Data           4  stm32f4xx_hal.o(.data)
    uwTick                                   0x20000194   Data           4  stm32f4xx_hal.o(.data)
    SystemCoreClock                          0x20000198   Data           4  system_stm32f4xx.o(.data)
    pxCurrentTCB                             0x2000019c   Data           4  tasks.o(.data)
    __microlib_freelist                      0x200001fc   Data           4  mvars.o(.data)
    __microlib_freelist_initialised          0x20000200   Data           4  mvars.o(.data)
    usart1_dma_rxbuf                         0x20000208   Data          50  drv_uart.o(.bss)
    usart2_dma_rxbuf                         0x2000023a   Data          48  drv_uart.o(.bss)
    usart4_dma_rxbuf                         0x2000026a   Data         100  drv_uart.o(.bss)
    usart5_dma_rxbuf                         0x200002ce   Data         200  drv_uart.o(.bss)
    bmi2_dev                                 0x20000398   Data         104  bmi.o(.bss)
    Fly_process                              0x20000400   Data         352  control_task.o(.bss)
    hadc1                                    0x200007b4   Data          72  adc.o(.bss)
    hdac                                     0x200007fc   Data          20  dac.o(.bss)
    htim1                                    0x20000810   Data          64  tim.o(.bss)
    htim3                                    0x20000850   Data          64  tim.o(.bss)
    htim4                                    0x20000890   Data          64  tim.o(.bss)
    huart4                                   0x200008d0   Data          64  usart.o(.bss)
    huart5                                   0x20000910   Data          64  usart.o(.bss)
    huart1                                   0x20000950   Data          64  usart.o(.bss)
    huart2                                   0x20000990   Data          64  usart.o(.bss)
    hdma_uart4_rx                            0x200009d0   Data          96  usart.o(.bss)
    hdma_uart5_rx                            0x20000a30   Data          96  usart.o(.bss)
    hdma_usart1_rx                           0x20000a90   Data          96  usart.o(.bss)
    hdma_usart2_rx                           0x20000af0   Data          96  usart.o(.bss)
    htim2                                    0x20000b50   Data          64  stm32f4xx_hal_timebase_tim.o(.bss)
    __heap_base                              0x20004880   Data           0  startup_stm32f407xx.o(HEAP)
    __heap_limit                             0x20004a80   Data           0  startup_stm32f407xx.o(HEAP)
    __initial_sp                             0x20004e80   Data           0  startup_stm32f407xx.o(STACK)



==============================================================================

Memory Map of the image

  Image Entry point : 0x08000189

  Load Region LR_IROM1 (Base: 0x08000000, Size: 0x0000c1d4, Max: 0x00080000, ABSOLUTE, COMPRESSED[0x0000c054])

    Execution Region ER_IROM1 (Exec base: 0x08000000, Load base: 0x08000000, Size: 0x0000bfcc, Max: 0x00080000, ABSOLUTE)

    Exec Addr    Load Addr    Size         Type   Attr      Idx    E Section Name        Object

    0x08000000   0x08000000   0x00000188   Data   RO            3    RESET               startup_stm32f407xx.o
    0x08000188   0x08000188   0x00000000   Code   RO         7567  * .ARM.Collect$$$$00000000  mc_w.l(entry.o)
    0x08000188   0x08000188   0x00000004   Code   RO         7675    .ARM.Collect$$$$00000001  mc_w.l(entry2.o)
    0x0800018c   0x0800018c   0x00000004   Code   RO         7678    .ARM.Collect$$$$00000004  mc_w.l(entry5.o)
    0x08000190   0x08000190   0x00000000   Code   RO         7680    .ARM.Collect$$$$00000008  mc_w.l(entry7b.o)
    0x08000190   0x08000190   0x00000000   Code   RO         7682    .ARM.Collect$$$$0000000A  mc_w.l(entry8b.o)
    0x08000190   0x08000190   0x00000008   Code   RO         7683    .ARM.Collect$$$$0000000B  mc_w.l(entry9a.o)
    0x08000198   0x08000198   0x00000000   Code   RO         7685    .ARM.Collect$$$$0000000D  mc_w.l(entry10a.o)
    0x08000198   0x08000198   0x00000000   Code   RO         7687    .ARM.Collect$$$$0000000F  mc_w.l(entry11a.o)
    0x08000198   0x08000198   0x00000004   Code   RO         7676    .ARM.Collect$$$$00002712  mc_w.l(entry2.o)
    0x0800019c   0x0800019c   0x000000be   Code   RO         7298    .emb_text           port.o
    0x0800025a   0x0800025a   0x00000002   PAD
    0x0800025c   0x0800025c   0x00000024   Code   RO            4    .text               startup_stm32f407xx.o
    0x08000280   0x08000280   0x00000062   Code   RO         7570    .text               mc_w.l(uldiv.o)
    0x080002e2   0x080002e2   0x00000024   Code   RO         7572    .text               mc_w.l(memcpya.o)
    0x08000306   0x08000306   0x00000024   Code   RO         7576    .text               mc_w.l(memseta.o)
    0x0800032a   0x0800032a   0x000000e4   Code   RO         7614    .text               mf_w.l(dmul.o)
    0x0800040e   0x0800040e   0x00000026   Code   RO         7616    .text               mf_w.l(f2d.o)
    0x08000434   0x08000434   0x00000038   Code   RO         7618    .text               mf_w.l(d2f.o)
    0x0800046c   0x0800046c   0x0000001e   Code   RO         7689    .text               mc_w.l(llshl.o)
    0x0800048a   0x0800048a   0x00000020   Code   RO         7691    .text               mc_w.l(llushr.o)
    0x080004aa   0x080004aa   0x00000000   Code   RO         7702    .text               mc_w.l(iusefp.o)
    0x080004aa   0x080004aa   0x0000006e   Code   RO         7703    .text               mf_w.l(fepilogue.o)
    0x08000518   0x08000518   0x000000ba   Code   RO         7705    .text               mf_w.l(depilogue.o)
    0x080005d2   0x080005d2   0x0000014e   Code   RO         7707    .text               mf_w.l(dadd.o)
    0x08000720   0x08000720   0x000000de   Code   RO         7709    .text               mf_w.l(ddiv.o)
    0x080007fe   0x080007fe   0x00000002   PAD
    0x08000800   0x08000800   0x00000024   Code   RO         7713    .text               mc_w.l(init.o)
    0x08000824   0x08000824   0x00000024   Code   RO         7715    .text               mc_w.l(llsshr.o)
    0x08000848   0x08000848   0x000000a2   Code   RO         7717    .text               mf_w.l(dsqrt.o)
    0x080008ea   0x080008ea   0x00000056   Code   RO         7729    .text               mc_w.l(__dczerorl2.o)
    0x08000940   0x08000940   0x00000002   Code   RO          341    i.ADC_Init          drv_adda.o
    0x08000942   0x08000942   0x00000002   PAD
    0x08000944   0x08000944   0x00000128   Code   RO         3178    i.ADC_Init          stm32f4xx_hal_adc.o
    0x08000a6c   0x08000a6c   0x00000004   Code   RO         2103    i.Application_Init  system_task.o
    0x08000a70   0x08000a70   0x00000150   Code   RO         2293    i.Attitude_Fly      control_task.o
    0x08000bc0   0x08000bc0   0x0000045c   Code   RO          514    i.BMI_Get_EulerAngle  bmi.o
    0x0800101c   0x0800101c   0x00000048   Code   RO          516    i.BMI_Get_RawData   bmi.o
    0x08001064   0x08001064   0x0000006c   Code   RO          517    i.BMI_Init          bmi.o
    0x080010d0   0x080010d0   0x00000002   Code   RO         3000    i.BusFault_Handler  stm32f4xx_it.o
    0x080010d2   0x080010d2   0x00000002   PAD
    0x080010d4   0x080010d4   0x000000d0   Code   RO         2294    i.Control_Init      control_task.o
    0x080011a4   0x080011a4   0x00000068   Code   RO         2295    i.Control_Normal    control_task.o
    0x0800120c   0x0800120c   0x0000000c   Code   RO          342    i.DAC_Init          drv_adda.o
    0x08001218   0x08001218   0x0000000c   Code   RO         2069    i.DEV_Init          device.o
    0x08001224   0x08001224   0x0000000c   Code   RO         3001    i.DMA1_Stream0_IRQHandler  stm32f4xx_it.o
    0x08001230   0x08001230   0x0000000c   Code   RO         3002    i.DMA1_Stream2_IRQHandler  stm32f4xx_it.o
    0x0800123c   0x0800123c   0x0000000c   Code   RO         3003    i.DMA1_Stream5_IRQHandler  stm32f4xx_it.o
    0x08001248   0x08001248   0x0000000c   Code   RO         3004    i.DMA2_Stream2_IRQHandler  stm32f4xx_it.o
    0x08001254   0x08001254   0x00000244   Code   RO          220    i.DMAEx_MultiBufferStart_NoIT  drv_uart.o
    0x08001498   0x08001498   0x00000028   Code   RO         3909    i.DMA_CalcBaseAndBitshift  stm32f4xx_hal_dma.o
    0x080014c0   0x080014c0   0x00000054   Code   RO         3910    i.DMA_CheckFifoParam  stm32f4xx_hal_dma.o
    0x08001514   0x08001514   0x00000062   Code   RO          221    i.DMA_Start         drv_uart.o
    0x08001576   0x08001576   0x00000002   PAD
    0x08001578   0x08001578   0x0000002c   Code   RO          418    i.DRIVER_Init       driver.o
    0x080015a4   0x080015a4   0x00000014   Code   RO          222    i.DRV_UART_IRQHandler  drv_uart.o
    0x080015b8   0x080015b8   0x00000004   Code   RO         2104    i.Data_clear        system_task.o
    0x080015bc   0x080015bc   0x00000002   Code   RO         3005    i.DebugMon_Handler  stm32f4xx_it.o
    0x080015be   0x080015be   0x00000002   Code   RO         2619    i.Error_Handler     main.o
    0x080015c0   0x080015c0   0x0000005c   Code   RO          144    i.FLY_PwmOut        drv_tim.o
    0x0800161c   0x0800161c   0x00000018   Code   RO          145    i.FRICTION_PwmOut   drv_tim.o
    0x08001634   0x08001634   0x00000078   Code   RO         2296    i.Fly_clear         control_task.o
    0x080016ac   0x080016ac   0x0000014c   Code   RO         3180    i.HAL_ADC_ConfigChannel  stm32f4xx_hal_adc.o
    0x080017f8   0x080017f8   0x00000054   Code   RO         3189    i.HAL_ADC_Init      stm32f4xx_hal_adc.o
    0x0800184c   0x0800184c   0x00000060   Code   RO         2761    i.HAL_ADC_MspInit   adc.o
    0x080018ac   0x080018ac   0x00000042   Code   RO         4585    i.HAL_DAC_ConfigChannel  stm32f4xx_hal_dac.o
    0x080018ee   0x080018ee   0x00000028   Code   RO         4595    i.HAL_DAC_Init      stm32f4xx_hal_dac.o
    0x08001916   0x08001916   0x00000002   PAD
    0x08001918   0x08001918   0x00000060   Code   RO         2803    i.HAL_DAC_MspInit   dac.o
    0x08001978   0x08001978   0x0000006c   Code   RO         4599    i.HAL_DAC_Start     stm32f4xx_hal_dac.o
    0x080019e4   0x080019e4   0x00000024   Code   RO         3913    i.HAL_DMA_Abort_IT  stm32f4xx_hal_dma.o
    0x08001a08   0x08001a08   0x000001a0   Code   RO         3917    i.HAL_DMA_IRQHandler  stm32f4xx_hal_dma.o
    0x08001ba8   0x08001ba8   0x000000d4   Code   RO         3918    i.HAL_DMA_Init      stm32f4xx_hal_dma.o
    0x08001c7c   0x08001c7c   0x000001b8   Code   RO         3805    i.HAL_GPIO_Init     stm32f4xx_hal_gpio.o
    0x08001e34   0x08001e34   0x0000000a   Code   RO         3809    i.HAL_GPIO_WritePin  stm32f4xx_hal_gpio.o
    0x08001e3e   0x08001e3e   0x00000002   PAD
    0x08001e40   0x08001e40   0x0000000c   Code   RO         4337    i.HAL_GetTick       stm32f4xx_hal.o
    0x08001e4c   0x08001e4c   0x00000010   Code   RO         4343    i.HAL_IncTick       stm32f4xx_hal.o
    0x08001e5c   0x08001e5c   0x00000034   Code   RO         4344    i.HAL_Init          stm32f4xx_hal.o
    0x08001e90   0x08001e90   0x00000074   Code   RO         3136    i.HAL_InitTick      stm32f4xx_hal_timebase_tim.o
    0x08001f04   0x08001f04   0x00000038   Code   RO         3112    i.HAL_MspInit       stm32f4xx_hal_msp.o
    0x08001f3c   0x08001f3c   0x0000001a   Code   RO         4194    i.HAL_NVIC_EnableIRQ  stm32f4xx_hal_cortex.o
    0x08001f56   0x08001f56   0x00000002   PAD
    0x08001f58   0x08001f58   0x00000040   Code   RO         4200    i.HAL_NVIC_SetPriority  stm32f4xx_hal_cortex.o
    0x08001f98   0x08001f98   0x00000024   Code   RO         4201    i.HAL_NVIC_SetPriorityGrouping  stm32f4xx_hal_cortex.o
    0x08001fbc   0x08001fbc   0x00000134   Code   RO         3451    i.HAL_RCC_ClockConfig  stm32f4xx_hal_rcc.o
    0x080020f0   0x080020f0   0x00000040   Code   RO         3455    i.HAL_RCC_GetClockConfig  stm32f4xx_hal_rcc.o
    0x08002130   0x08002130   0x00000020   Code   RO         3458    i.HAL_RCC_GetPCLK1Freq  stm32f4xx_hal_rcc.o
    0x08002150   0x08002150   0x00000020   Code   RO         3459    i.HAL_RCC_GetPCLK2Freq  stm32f4xx_hal_rcc.o
    0x08002170   0x08002170   0x00000064   Code   RO         3460    i.HAL_RCC_GetSysClockFreq  stm32f4xx_hal_rcc.o
    0x080021d4   0x080021d4   0x0000035c   Code   RO         3463    i.HAL_RCC_OscConfig  stm32f4xx_hal_rcc.o
    0x08002530   0x08002530   0x00000002   Code   RO         5484    i.HAL_TIMEx_BreakCallback  stm32f4xx_hal_tim_ex.o
    0x08002532   0x08002532   0x00000002   Code   RO         5485    i.HAL_TIMEx_CommutCallback  stm32f4xx_hal_tim_ex.o
    0x08002534   0x08002534   0x00000090   Code   RO         5502    i.HAL_TIMEx_MasterConfigSynchronization  stm32f4xx_hal_tim_ex.o
    0x080025c4   0x080025c4   0x00000036   Code   RO         4809    i.HAL_TIM_Base_Init  stm32f4xx_hal_tim.o
    0x080025fa   0x080025fa   0x00000002   PAD
    0x080025fc   0x080025fc   0x00000040   Code   RO         2869    i.HAL_TIM_Base_MspInit  tim.o
    0x0800263c   0x0800263c   0x00000022   Code   RO         4814    i.HAL_TIM_Base_Start_IT  stm32f4xx_hal_tim.o
    0x0800265e   0x0800265e   0x000000d6   Code   RO         4818    i.HAL_TIM_ConfigClockSource  stm32f4xx_hal_tim.o
    0x08002734   0x08002734   0x00000098   Code   RO         4827    i.HAL_TIM_Encoder_Init  stm32f4xx_hal_tim.o
    0x080027cc   0x080027cc   0x00000068   Code   RO         2871    i.HAL_TIM_Encoder_MspInit  tim.o
    0x08002834   0x08002834   0x00000002   Code   RO         4838    i.HAL_TIM_IC_CaptureCallback  stm32f4xx_hal_tim.o
    0x08002836   0x08002836   0x00000166   Code   RO         4852    i.HAL_TIM_IRQHandler  stm32f4xx_hal_tim.o
    0x0800299c   0x0800299c   0x00000084   Code   RO         2872    i.HAL_TIM_MspPostInit  tim.o
    0x08002a20   0x08002a20   0x00000002   Code   RO         4855    i.HAL_TIM_OC_DelayElapsedCallback  stm32f4xx_hal_tim.o
    0x08002a22   0x08002a22   0x000000d0   Code   RO         4876    i.HAL_TIM_PWM_ConfigChannel  stm32f4xx_hal_tim.o
    0x08002af2   0x08002af2   0x00000036   Code   RO         4879    i.HAL_TIM_PWM_Init  stm32f4xx_hal_tim.o
    0x08002b28   0x08002b28   0x00000002   Code   RO         4881    i.HAL_TIM_PWM_MspInit  stm32f4xx_hal_tim.o
    0x08002b2a   0x08002b2a   0x00000002   Code   RO         4882    i.HAL_TIM_PWM_PulseFinishedCallback  stm32f4xx_hal_tim.o
    0x08002b2c   0x08002b2c   0x00000044   Code   RO         4884    i.HAL_TIM_PWM_Start  stm32f4xx_hal_tim.o
    0x08002b70   0x08002b70   0x0000000e   Code   RO         2620    i.HAL_TIM_PeriodElapsedCallback  main.o
    0x08002b7e   0x08002b7e   0x00000002   Code   RO         4895    i.HAL_TIM_TriggerCallback  stm32f4xx_hal_tim.o
    0x08002b80   0x08002b80   0x00000002   Code   RO         5756    i.HAL_UART_ErrorCallback  stm32f4xx_hal_uart.o
    0x08002b82   0x08002b82   0x00000002   PAD
    0x08002b84   0x08002b84   0x00000114   Code   RO         5759    i.HAL_UART_IRQHandler  stm32f4xx_hal_uart.o
    0x08002c98   0x08002c98   0x00000062   Code   RO         5760    i.HAL_UART_Init     stm32f4xx_hal_uart.o
    0x08002cfa   0x08002cfa   0x00000002   PAD
    0x08002cfc   0x08002cfc   0x000002fc   Code   RO         2941    i.HAL_UART_MspInit  usart.o
    0x08002ff8   0x08002ff8   0x00000002   Code   RO         5766    i.HAL_UART_RxCpltCallback  stm32f4xx_hal_uart.o
    0x08002ffa   0x08002ffa   0x00000002   Code   RO         5771    i.HAL_UART_TxCpltCallback  stm32f4xx_hal_uart.o
    0x08002ffc   0x08002ffc   0x00000002   Code   RO         3006    i.HardFault_Handler  stm32f4xx_it.o
    0x08002ffe   0x08002ffe   0x00000002   PAD
    0x08003000   0x08003000   0x00000040   Code   RO          449    i.IIC_Ack           soft_iic.o
    0x08003040   0x08003040   0x00000040   Code   RO          450    i.IIC_NAck          soft_iic.o
    0x08003080   0x08003080   0x00000068   Code   RO          451    i.IIC_Read_Byte     soft_iic.o
    0x080030e8   0x080030e8   0x00000060   Code   RO          452    i.IIC_Send_Byte     soft_iic.o
    0x08003148   0x08003148   0x00000040   Code   RO          453    i.IIC_Start         soft_iic.o
    0x08003188   0x08003188   0x00000044   Code   RO          454    i.IIC_Stop          soft_iic.o
    0x080031cc   0x080031cc   0x00000054   Code   RO          455    i.IIC_Wait_Ack      soft_iic.o
    0x08003220   0x08003220   0x0000004c   Code   RO         1719    i.MPU_Read_Byte     bmi2_common.o
    0x0800326c   0x0800326c   0x00000060   Code   RO         1720    i.MPU_Read_all      bmi2_common.o
    0x080032cc   0x080032cc   0x00000064   Code   RO         2762    i.MX_ADC1_Init      adc.o
    0x08003330   0x08003330   0x0000003c   Code   RO         2804    i.MX_DAC_Init       dac.o
    0x0800336c   0x0800336c   0x0000006c   Code   RO         2844    i.MX_DMA_Init       dma.o
    0x080033d8   0x080033d8   0x00000054   Code   RO         2707    i.MX_FREERTOS_Init  freertos.o
    0x0800342c   0x0800342c   0x00000130   Code   RO         2683    i.MX_GPIO_Init      gpio.o
    0x0800355c   0x0800355c   0x0000006c   Code   RO         2873    i.MX_TIM1_Init      tim.o
    0x080035c8   0x080035c8   0x000000a8   Code   RO         2874    i.MX_TIM3_Init      tim.o
    0x08003670   0x08003670   0x000000c8   Code   RO         2875    i.MX_TIM4_Init      tim.o
    0x08003738   0x08003738   0x00000038   Code   RO         2942    i.MX_UART4_Init     usart.o
    0x08003770   0x08003770   0x00000038   Code   RO         2943    i.MX_UART5_Init     usart.o
    0x080037a8   0x080037a8   0x00000038   Code   RO         2944    i.MX_USART1_UART_Init  usart.o
    0x080037e0   0x080037e0   0x0000003c   Code   RO         2945    i.MX_USART2_UART_Init  usart.o
    0x0800381c   0x0800381c   0x00000002   Code   RO         3007    i.MemManage_Handler  stm32f4xx_it.o
    0x0800381e   0x0800381e   0x00000002   Code   RO         3008    i.NMI_Handler       stm32f4xx_it.o
    0x08003820   0x08003820   0x00000054   Code   RO          146    i.PWM_Init          drv_tim.o
    0x08003874   0x08003874   0x0000003a   Code   RO         1901    i.RC_ResetData      rc_sensor.o
    0x080038ae   0x080038ae   0x00000054   Code   RO          518    i.Set_accel         bmi.o
    0x08003902   0x08003902   0x00000058   Code   RO          519    i.Set_gyro          bmi.o
    0x0800395a   0x0800395a   0x00000002   PAD
    0x0800395c   0x0800395c   0x0000009c   Code   RO         2297    i.StartControlTask  control_task.o
    0x080039f8   0x080039f8   0x0000002c   Code   RO         2248    i.StartMonitorTask  monitor_task.o
    0x08003a24   0x08003a24   0x00000080   Code   RO         2105    i.StartSystemTask   system_task.o
    0x08003aa4   0x08003aa4   0x0000002c   Code   RO         7299    i.SysTick_Handler   port.o
    0x08003ad0   0x08003ad0   0x00000088   Code   RO         2621    i.SystemClock_Config  main.o
    0x08003b58   0x08003b58   0x0000001c   Code   RO         6062    i.SystemInit        system_stm32f4xx.o
    0x08003b74   0x08003b74   0x0000000c   Code   RO         3009    i.TIM2_IRQHandler   stm32f4xx_it.o
    0x08003b80   0x08003b80   0x000000c8   Code   RO         4897    i.TIM_Base_SetConfig  stm32f4xx_hal_tim.o
    0x08003c48   0x08003c48   0x0000001a   Code   RO         4898    i.TIM_CCxChannelCmd  stm32f4xx_hal_tim.o
    0x08003c62   0x08003c62   0x00000014   Code   RO         4908    i.TIM_ETR_SetConfig  stm32f4xx_hal_tim.o
    0x08003c76   0x08003c76   0x00000010   Code   RO         4909    i.TIM_ITRx_SetConfig  stm32f4xx_hal_tim.o
    0x08003c86   0x08003c86   0x00000002   PAD
    0x08003c88   0x08003c88   0x00000060   Code   RO         4910    i.TIM_OC1_SetConfig  stm32f4xx_hal_tim.o
    0x08003ce8   0x08003ce8   0x0000006c   Code   RO         4911    i.TIM_OC2_SetConfig  stm32f4xx_hal_tim.o
    0x08003d54   0x08003d54   0x00000068   Code   RO         4912    i.TIM_OC3_SetConfig  stm32f4xx_hal_tim.o
    0x08003dbc   0x08003dbc   0x00000050   Code   RO         4913    i.TIM_OC4_SetConfig  stm32f4xx_hal_tim.o
    0x08003e0c   0x08003e0c   0x00000022   Code   RO         4915    i.TIM_TI1_ConfigInputStage  stm32f4xx_hal_tim.o
    0x08003e2e   0x08003e2e   0x00000024   Code   RO         4917    i.TIM_TI2_ConfigInputStage  stm32f4xx_hal_tim.o
    0x08003e52   0x08003e52   0x00000002   PAD
    0x08003e54   0x08003e54   0x0000000c   Code   RO         3010    i.UART4_IRQHandler  stm32f4xx_it.o
    0x08003e60   0x08003e60   0x00000018   Code   RO         3011    i.UART5_IRQHandler  stm32f4xx_it.o
    0x08003e78   0x08003e78   0x00000010   Code   RO         5773    i.UART_DMAAbortOnError  stm32f4xx_hal_uart.o
    0x08003e88   0x08003e88   0x0000001c   Code   RO         5783    i.UART_EndRxTransfer  stm32f4xx_hal_uart.o
    0x08003ea4   0x08003ea4   0x00000096   Code   RO         5785    i.UART_Receive_IT   stm32f4xx_hal_uart.o
    0x08003f3a   0x08003f3a   0x00000002   PAD
    0x08003f3c   0x08003f3c   0x00000128   Code   RO         5786    i.UART_SetConfig    stm32f4xx_hal_uart.o
    0x08004064   0x08004064   0x00000062   Code   RO         5787    i.UART_Transmit_IT  stm32f4xx_hal_uart.o
    0x080040c6   0x080040c6   0x00000002   PAD
    0x080040c8   0x080040c8   0x00000018   Code   RO         3012    i.USART1_IRQHandler  stm32f4xx_it.o
    0x080040e0   0x080040e0   0x00000038   Code   RO          226    i.USART1_Init       drv_uart.o
    0x08004118   0x08004118   0x00000002   Code   RO          227    i.USART1_rxDataHandler  drv_uart.o
    0x0800411a   0x0800411a   0x00000002   PAD
    0x0800411c   0x0800411c   0x00000018   Code   RO         3013    i.USART2_IRQHandler  stm32f4xx_it.o
    0x08004134   0x08004134   0x0000003c   Code   RO          228    i.USART2_Init       drv_uart.o
    0x08004170   0x08004170   0x0000001c   Code   RO         2550    i.USART2_rxDataHandler  rc_potocol.o
    0x0800418c   0x0800418c   0x00000038   Code   RO          230    i.USART4_Init       drv_uart.o
    0x080041c4   0x080041c4   0x00000002   Code   RO          231    i.USART4_rxDataHandler  drv_uart.o
    0x080041c6   0x080041c6   0x00000002   PAD
    0x080041c8   0x080041c8   0x00000038   Code   RO          232    i.USART5_Init       drv_uart.o
    0x08004200   0x08004200   0x00000002   Code   RO          233    i.USART5_rxDataHandler  drv_uart.o
    0x08004202   0x08004202   0x00000002   Code   RO         3014    i.UsageFault_Handler  stm32f4xx_it.o
    0x08004204   0x08004204   0x00000030   Code   RO         7658    i.__ARM_fpclassify  m_wm.l(fpclassify.o)
    0x08004234   0x08004234   0x00000020   Code   RO         4207    i.__NVIC_SetPriority  stm32f4xx_hal_cortex.o
    0x08004254   0x08004254   0x00000024   Code   RO         2106    i.__NVIC_SystemReset  system_task.o
    0x08004278   0x08004278   0x00000360   Code   RO         7541    i.__hardfp_asin     m_wm.l(asin.o)
    0x080045d8   0x080045d8   0x000002d8   Code   RO         7624    i.__hardfp_atan     m_wm.l(atan.o)
    0x080048b0   0x080048b0   0x000001f0   Code   RO         7555    i.__hardfp_atan2    m_wm.l(atan2.o)
    0x08004aa0   0x08004aa0   0x000000f8   Code   RO         7660    i.__kernel_poly     m_wm.l(poly.o)
    0x08004b98   0x08004b98   0x00000014   Code   RO         7639    i.__mathlib_dbl_infnan  m_wm.l(dunder.o)
    0x08004bac   0x08004bac   0x00000014   Code   RO         7640    i.__mathlib_dbl_infnan2  m_wm.l(dunder.o)
    0x08004bc0   0x08004bc0   0x00000020   Code   RO         7641    i.__mathlib_dbl_invalid  m_wm.l(dunder.o)
    0x08004be0   0x08004be0   0x00000020   Code   RO         7644    i.__mathlib_dbl_underflow  m_wm.l(dunder.o)
    0x08004c00   0x08004c00   0x0000000e   Code   RO         7723    i.__scatterload_copy  mc_w.l(handlers.o)
    0x08004c0e   0x08004c0e   0x00000002   Code   RO         7724    i.__scatterload_null  mc_w.l(handlers.o)
    0x08004c10   0x08004c10   0x0000000e   Code   RO         7725    i.__scatterload_zeroinit  mc_w.l(handlers.o)
    0x08004c1e   0x08004c1e   0x00000002   PAD
    0x08004c20   0x08004c20   0x0000000c   Code   RO         7697    i.__set_errno       mc_w.l(errno.o)
    0x08004c2c   0x08004c2c   0x00000014   Code   RO         2107    i.action_error      system_task.o
    0x08004c40   0x08004c40   0x00000020   Code   RO         2108    i.action_lost       system_task.o
    0x08004c60   0x08004c60   0x00000020   Code   RO         2109    i.action_nomal      system_task.o
    0x08004c80   0x08004c80   0x00000014   Code   RO         2110    i.action_wrong      system_task.o
    0x08004c94   0x08004c94   0x00000010   Code   RO         7626    i.atan              m_wm.l(atan.o)
    0x08004ca4   0x08004ca4   0x00000078   Code   RO         1871    i.bmi270_init       bmi270.o
    0x08004d1c   0x08004d1c   0x00000002   Code   RO         1722    i.bmi2_error_codes_print_result  bmi2_common.o
    0x08004d1e   0x08004d1e   0x00000036   Code   RO          626    i.bmi2_extract_input_feat_config  bmi2.o
    0x08004d54   0x08004d54   0x000000a0   Code   RO          631    i.bmi2_get_feat_config  bmi2.o
    0x08004df4   0x08004df4   0x0000003c   Code   RO          638    i.bmi2_get_gyro_cross_sense  bmi2.o
    0x08004e30   0x08004e30   0x00000030   Code   RO          641    i.bmi2_get_internal_status  bmi2.o
    0x08004e60   0x08004e60   0x00000092   Code   RO          642    i.bmi2_get_regs     bmi2.o
    0x08004ef2   0x08004ef2   0x00000002   PAD
    0x08004ef4   0x08004ef4   0x0000023a   Code   RO          644    i.bmi2_get_sensor_config  bmi2.o
    0x0800512e   0x0800512e   0x000002de   Code   RO          645    i.bmi2_get_sensor_data  bmi2.o
    0x0800540c   0x0800540c   0x00000026   Code   RO          646    i.bmi2_get_status   bmi2.o
    0x08005432   0x08005432   0x00000002   PAD
    0x08005434   0x08005434   0x00000040   Code   RO         1723    i.bmi2_interface_selection  bmi2_common.o
    0x08005474   0x08005474   0x00000076   Code   RO          647    i.bmi2_map_data_int  bmi2.o
    0x080054ea   0x080054ea   0x00000002   PAD
    0x080054ec   0x080054ec   0x00000064   Code   RO          657    i.bmi2_sec_init     bmi2.o
    0x08005550   0x08005550   0x00000038   Code   RO          659    i.bmi2_sensor_enable  bmi2.o
    0x08005588   0x08005588   0x00000062   Code   RO          661    i.bmi2_set_adv_power_save  bmi2.o
    0x080055ea   0x080055ea   0x00000002   PAD
    0x080055ec   0x080055ec   0x0000009c   Code   RO          671    i.bmi2_set_regs     bmi2.o
    0x08005688   0x08005688   0x000001e6   Code   RO          673    i.bmi2_set_sensor_config  bmi2.o
    0x0800586e   0x0800586e   0x00000060   Code   RO          674    i.bmi2_soft_reset   bmi2.o
    0x080058ce   0x080058ce   0x00000056   Code   RO          678    i.bmi2_write_config_file  bmi2.o
    0x08005924   0x08005924   0x0000003e   Code   RO          681    i.cfg_error_status  bmi2.o
    0x08005962   0x08005962   0x00000030   Code   RO          682    i.check_boundary_val  bmi2.o
    0x08005992   0x08005992   0x0000001a   Code   RO          684    i.comp_gyro_cross_axis_sensitivity  bmi2.o
    0x080059ac   0x080059ac   0x000000dc   Code   RO          685    i.config_aux_interface  bmi2.o
    0x08005a88   0x08005a88   0x00000018   Code   RO          381    i.delay_us          drv_haltick.o
    0x08005aa0   0x08005aa0   0x00000018   Code   RO          234    i.dma_m0_rxcplt_callback  drv_uart.o
    0x08005ab8   0x08005ab8   0x00000018   Code   RO          235    i.dma_m1_rxcplt_callback  drv_uart.o
    0x08005ad0   0x08005ad0   0x00000036   Code   RO          692    i.extract_output_feat_config  bmi2.o
    0x08005b06   0x08005b06   0x00000018   Code   RO         7654    i.fabs              m_wm.l(fabs.o)
    0x08005b1e   0x08005b1e   0x00000032   Code   RO         2111    i.findAction        system_task.o
    0x08005b50   0x08005b50   0x0000003c   Code   RO         2112    i.findTranss        system_task.o
    0x08005b8c   0x08005b8c   0x00000050   Code   RO         7580    i.free              mc_w.l(malloc.o)
    0x08005bdc   0x08005bdc   0x00000020   Code   RO          693    i.get_acc_gyr_data  bmi2.o
    0x08005bfc   0x08005bfc   0x0000004e   Code   RO          694    i.get_accel_config  bmi2.o
    0x08005c4a   0x08005c4a   0x00000068   Code   RO          695    i.get_accel_self_test_status  bmi2.o
    0x08005cb2   0x08005cb2   0x0000008a   Code   RO          696    i.get_any_motion_config  bmi2.o
    0x08005d3c   0x08005d3c   0x000000aa   Code   RO          697    i.get_aux_config    bmi2.o
    0x08005de6   0x08005de6   0x00000058   Code   RO          699    i.get_ext_sens_sync_config  bmi2.o
    0x08005e3e   0x08005e3e   0x00000086   Code   RO          700    i.get_flat_config   bmi2.o
    0x08005ec4   0x08005ec4   0x00000082   Code   RO          701    i.get_free_fall_det_config  bmi2.o
    0x08005f46   0x08005f46   0x00000058   Code   RO          702    i.get_glance_detect_config  bmi2.o
    0x08005f9e   0x08005f9e   0x0000005e   Code   RO          703    i.get_gyro_config   bmi2.o
    0x08005ffc   0x08005ffc   0x00000072   Code   RO          704    i.get_gyro_cross_sense  bmi2.o
    0x0800606e   0x0800606e   0x0000008a   Code   RO          705    i.get_gyro_gain_update_config  bmi2.o
    0x080060f8   0x080060f8   0x00000068   Code   RO          706    i.get_gyro_gain_update_status  bmi2.o
    0x08006160   0x08006160   0x000000a4   Code   RO          707    i.get_high_g_config  bmi2.o
    0x08006204   0x08006204   0x00000092   Code   RO          708    i.get_low_g_config  bmi2.o
    0x08006296   0x08006296   0x0000008a   Code   RO          710    i.get_no_motion_config  bmi2.o
    0x08006320   0x08006320   0x00000076   Code   RO          711    i.get_nvm_error_status  bmi2.o
    0x08006396   0x08006396   0x000000b4   Code   RO          712    i.get_ois_output    bmi2.o
    0x0800644a   0x0800644a   0x0000008c   Code   RO          713    i.get_orient_config  bmi2.o
    0x080064d6   0x080064d6   0x00000056   Code   RO          716    i.get_remapped_data  bmi2.o
    0x0800652c   0x0800652c   0x000000be   Code   RO          717    i.get_sig_motion_config  bmi2.o
    0x080065ea   0x080065ea   0x0000008a   Code   RO          719    i.get_step_config   bmi2.o
    0x08006674   0x08006674   0x000000aa   Code   RO          720    i.get_step_count_params_config  bmi2.o
    0x0800671e   0x0800671e   0x0000006e   Code   RO          721    i.get_step_counter_output  bmi2.o
    0x0800678c   0x0800678c   0x00000058   Code   RO          722    i.get_tilt_config   bmi2.o
    0x080067e4   0x080067e4   0x00000058   Code   RO          723    i.get_up_hold_to_wake_config  bmi2.o
    0x0800683c   0x0800683c   0x0000007c   Code   RO          725    i.get_wake_up_config  bmi2.o
    0x080068b8   0x080068b8   0x00000076   Code   RO          726    i.get_wrist_gest_config  bmi2.o
    0x0800692e   0x0800692e   0x0000008a   Code   RO          727    i.get_wrist_gest_w_config  bmi2.o
    0x080069b8   0x080069b8   0x0000008e   Code   RO          728    i.get_wrist_wear_wake_up_config  bmi2.o
    0x08006a46   0x08006a46   0x0000009c   Code   RO          729    i.get_wrist_wear_wake_up_wh_config  bmi2.o
    0x08006ae2   0x08006ae2   0x00000002   PAD
    0x08006ae4   0x08006ae4   0x000000b0   Code   RO         2029    i.imu_sensor_check  imu_sensor.o
    0x08006b94   0x08006b94   0x00000006   Code   RO         2030    i.imu_sensor_heart_beat  imu_sensor.o
    0x08006b9a   0x08006b9a   0x00000002   PAD
    0x08006b9c   0x08006b9c   0x00000070   Code   RO         2586    i.imu_sensor_init   imu_potocol.o
    0x08006c0c   0x08006c0c   0x00000060   Code   RO         2587    i.imu_sensor_update  imu_potocol.o
    0x08006c6c   0x08006c6c   0x0000002c   Code   RO          520    i.inVSqrt           bmi.o
    0x08006c98   0x08006c98   0x00000026   Code   RO          521    i.lsb_to_dps        bmi.o
    0x08006cbe   0x08006cbe   0x00000002   PAD
    0x08006cc0   0x08006cc0   0x00000034   Code   RO          522    i.lsb_to_mps2       bmi.o
    0x08006cf4   0x08006cf4   0x0000004a   Code   RO         2622    i.main              main.o
    0x08006d3e   0x08006d3e   0x0000000c   Code   RO         6870    i.makeFreeRtosPriority  cmsis_os.o
    0x08006d4a   0x08006d4a   0x00000002   PAD
    0x08006d4c   0x08006d4c   0x0000006c   Code   RO         7581    i.malloc            mc_w.l(malloc.o)
    0x08006db8   0x08006db8   0x00000024   Code   RO          382    i.micros            drv_haltick.o
    0x08006ddc   0x08006ddc   0x00000018   Code   RO          731    i.null_ptr_check    bmi2.o
    0x08006df4   0x08006df4   0x0000000e   Code   RO         6872    i.osDelay           cmsis_os.o
    0x08006e02   0x08006e02   0x0000000a   Code   RO         6875    i.osKernelStart     cmsis_os.o
    0x08006e0c   0x08006e0c   0x00000054   Code   RO         6909    i.osThreadCreate    cmsis_os.o
    0x08006e60   0x08006e60   0x00000096   Code   RO         2350    i.pid_calculate     pid.o
    0x08006ef6   0x08006ef6   0x00000002   PAD
    0x08006ef8   0x08006ef8   0x00000070   Code   RO         6564    i.prvAddCurrentTaskToDelayedList  tasks.o
    0x08006f68   0x08006f68   0x000000d0   Code   RO         6565    i.prvAddNewTaskToReadyList  tasks.o
    0x08007038   0x08007038   0x00000034   Code   RO         6566    i.prvDeleteTCB      tasks.o
    0x0800706c   0x0800706c   0x0000004c   Code   RO         7237    i.prvHeapInit       heap_4.o
    0x080070b8   0x080070b8   0x00000060   Code   RO         6567    i.prvIdleTask       tasks.o
    0x08007118   0x08007118   0x00000098   Code   RO         6568    i.prvInitialiseNewTask  tasks.o
    0x080071b0   0x080071b0   0x0000004c   Code   RO         7238    i.prvInsertBlockIntoFreeList  heap_4.o
    0x080071fc   0x080071fc   0x00000020   Code   RO         6569    i.prvResetNextTaskUnblockTime  tasks.o
    0x0800721c   0x0800721c   0x00000028   Code   RO         7300    i.prvTaskExitError  port.o
    0x08007244   0x08007244   0x000000d8   Code   RO         7239    i.pvPortMalloc      heap_4.o
    0x0800731c   0x0800731c   0x0000002c   Code   RO         7301    i.pxPortInitialiseStack  port.o
    0x08007348   0x08007348   0x000000da   Code   RO         1902    i.rc_sensor_check   rc_sensor.o
    0x08007422   0x08007422   0x0000002c   Code   RO         1903    i.rc_sensor_heart_beat  rc_sensor.o
    0x0800744e   0x0800744e   0x00000016   Code   RO         2551    i.rc_sensor_init    rc_potocol.o
    0x08007464   0x08007464   0x00000088   Code   RO         2552    i.rc_sensor_update  rc_potocol.o
    0x080074ec   0x080074ec   0x0000014e   Code   RO          745    i.select_sensor     bmi2.o
    0x0800763a   0x0800763a   0x00000002   PAD
    0x0800763c   0x0800763c   0x000003c4   Code   RO          748    i.sensor_enable     bmi2.o
    0x08007a00   0x08007a00   0x00000098   Code   RO          749    i.set_accel_config  bmi2.o
    0x08007a98   0x08007a98   0x00000056   Code   RO          751    i.set_act_recog     bmi2.o
    0x08007aee   0x08007aee   0x0000005a   Code   RO          752    i.set_any_motion    bmi2.o
    0x08007b48   0x08007b48   0x000000c6   Code   RO          753    i.set_any_motion_config  bmi2.o
    0x08007c0e   0x08007c0e   0x00000090   Code   RO          754    i.set_aux_config    bmi2.o
    0x08007c9e   0x08007c9e   0x00000036   Code   RO          755    i.set_config_load   bmi2.o
    0x08007cd4   0x08007cd4   0x00000056   Code   RO          756    i.set_double_tap    bmi2.o
    0x08007d2a   0x08007d2a   0x00000056   Code   RO          757    i.set_ext_sens_sync  bmi2.o
    0x08007d80   0x08007d80   0x0000008e   Code   RO          758    i.set_ext_sens_sync_config  bmi2.o
    0x08007e0e   0x08007e0e   0x00000002   PAD
    0x08007e10   0x08007e10   0x00000068   Code   RO          759    i.set_feat_accel_self_test  bmi2.o
    0x08007e78   0x08007e78   0x00000056   Code   RO          760    i.set_flat          bmi2.o
    0x08007ece   0x08007ece   0x000000bc   Code   RO          761    i.set_flat_config   bmi2.o
    0x08007f8a   0x08007f8a   0x00000056   Code   RO          762    i.set_free_fall_det  bmi2.o
    0x08007fe0   0x08007fe0   0x000000a8   Code   RO          763    i.set_free_fall_det_config  bmi2.o
    0x08008088   0x08008088   0x0000008e   Code   RO          764    i.set_glance_detect_config  bmi2.o
    0x08008116   0x08008116   0x00000056   Code   RO          765    i.set_glance_detector  bmi2.o
    0x0800816c   0x0800816c   0x000000ac   Code   RO          766    i.set_gyro_config   bmi2.o
    0x08008218   0x08008218   0x00000056   Code   RO          767    i.set_gyro_self_offset_corr  bmi2.o
    0x0800826e   0x0800826e   0x0000005a   Code   RO          768    i.set_gyro_user_gain  bmi2.o
    0x080082c8   0x080082c8   0x000000a2   Code   RO          769    i.set_gyro_user_gain_config  bmi2.o
    0x0800836a   0x0800836a   0x0000005a   Code   RO          770    i.set_high_g        bmi2.o
    0x080083c4   0x080083c4   0x000000da   Code   RO          771    i.set_high_g_config  bmi2.o
    0x0800849e   0x0800849e   0x0000005a   Code   RO          773    i.set_low_g         bmi2.o
    0x080084f8   0x080084f8   0x000000ba   Code   RO          774    i.set_low_g_config  bmi2.o
    0x080085b2   0x080085b2   0x0000005a   Code   RO          776    i.set_no_motion     bmi2.o
    0x0800860c   0x0800860c   0x000000c6   Code   RO          777    i.set_no_motion_config  bmi2.o
    0x080086d2   0x080086d2   0x000000c6   Code   RO          779    i.set_orient_config  bmi2.o
    0x08008798   0x08008798   0x00000056   Code   RO          780    i.set_orientation   bmi2.o
    0x080087ee   0x080087ee   0x0000009e   Code   RO          781    i.set_primary_ois_config  bmi2.o
    0x0800888c   0x0800888c   0x0000005a   Code   RO          783    i.set_sig_motion    bmi2.o
    0x080088e6   0x080088e6   0x000000be   Code   RO          784    i.set_sig_motion_config  bmi2.o
    0x080089a4   0x080089a4   0x00000056   Code   RO          785    i.set_single_tap    bmi2.o
    0x080089fa   0x080089fa   0x0000005a   Code   RO          786    i.set_step_activity  bmi2.o
    0x08008a54   0x08008a54   0x000000c0   Code   RO          787    i.set_step_config   bmi2.o
    0x08008b14   0x08008b14   0x000000d4   Code   RO          788    i.set_step_count_params_config  bmi2.o
    0x08008be8   0x08008be8   0x0000005a   Code   RO          789    i.set_step_counter  bmi2.o
    0x08008c42   0x08008c42   0x0000005a   Code   RO          790    i.set_step_detector  bmi2.o
    0x08008c9c   0x08008c9c   0x00000056   Code   RO          791    i.set_tilt          bmi2.o
    0x08008cf2   0x08008cf2   0x0000008e   Code   RO          792    i.set_tilt_config   bmi2.o
    0x08008d80   0x08008d80   0x00000056   Code   RO          793    i.set_triple_tap    bmi2.o
    0x08008dd6   0x08008dd6   0x00000056   Code   RO          794    i.set_up_hold_to_wake  bmi2.o
    0x08008e2c   0x08008e2c   0x0000008e   Code   RO          795    i.set_up_hold_to_wake_config  bmi2.o
    0x08008eba   0x08008eba   0x00000056   Code   RO          796    i.set_wake_up       bmi2.o
    0x08008f10   0x08008f10   0x000000bc   Code   RO          797    i.set_wake_up_config  bmi2.o
    0x08008fcc   0x08008fcc   0x000000b6   Code   RO          798    i.set_wrist_gest_config  bmi2.o
    0x08009082   0x08009082   0x000000c8   Code   RO          799    i.set_wrist_gest_w_config  bmi2.o
    0x0800914a   0x0800914a   0x00000056   Code   RO          800    i.set_wrist_gesture  bmi2.o
    0x080091a0   0x080091a0   0x00000056   Code   RO          801    i.set_wrist_gesture_wh  bmi2.o
    0x080091f6   0x080091f6   0x00000056   Code   RO          802    i.set_wrist_wear_wake_up  bmi2.o
    0x0800924c   0x0800924c   0x000000c8   Code   RO          803    i.set_wrist_wear_wake_up_config  bmi2.o
    0x08009314   0x08009314   0x00000056   Code   RO          804    i.set_wrist_wear_wake_up_wh  bmi2.o
    0x0800936a   0x0800936a   0x000000fa   Code   RO          805    i.set_wrist_wear_wake_up_wh_config  bmi2.o
    0x08009464   0x08009464   0x0000006e   Code   RO         7665    i.sqrt              m_wm.l(sqrt.o)
    0x080094d2   0x080094d2   0x00000002   PAD
    0x080094d4   0x080094d4   0x00000038   Code   RO         2113    i.system_ctrl_mode_switch  system_task.o
    0x0800950c   0x0800950c   0x00000068   Code   RO         2249    i.system_led_flash  monitor_task.o
    0x08009574   0x08009574   0x00000028   Code   RO         2114    i.transStatemachine  system_task.o
    0x0800959c   0x0800959c   0x000000c8   Code   RO          236    i.uart_rx_idle_callback  drv_uart.o
    0x08009664   0x08009664   0x00000040   Code   RO          817    i.upload_file       bmi2.o
    0x080096a4   0x080096a4   0x00000004   Code   RO         1727    i.user_delay_us     bmi2_common.o
    0x080096a8   0x080096a8   0x00000024   Code   RO         1728    i.user_i2c_reg_read  bmi2_common.o
    0x080096cc   0x080096cc   0x0000004c   Code   RO         1729    i.user_i2c_reg_write  bmi2_common.o
    0x08009718   0x08009718   0x00000026   Code   RO         6200    i.uxListRemove      list.o
    0x0800973e   0x0800973e   0x00000002   PAD
    0x08009740   0x08009740   0x00000014   Code   RO         2709    i.vApplicationGetIdleTaskMemory  freertos.o
    0x08009754   0x08009754   0x00000016   Code   RO         6201    i.vListInitialise   list.o
    0x0800976a   0x0800976a   0x00000006   Code   RO         6202    i.vListInitialiseItem  list.o
    0x08009770   0x08009770   0x00000030   Code   RO         6203    i.vListInsert       list.o
    0x080097a0   0x080097a0   0x00000018   Code   RO         6204    i.vListInsertEnd    list.o
    0x080097b8   0x080097b8   0x00000040   Code   RO         7303    i.vPortEnterCritical  port.o
    0x080097f8   0x080097f8   0x00000028   Code   RO         7304    i.vPortExitCritical  port.o
    0x08009820   0x08009820   0x0000005c   Code   RO         7240    i.vPortFree         heap_4.o
    0x0800987c   0x0800987c   0x00000024   Code   RO         7305    i.vPortSetupTimerInterrupt  port.o
    0x080098a0   0x080098a0   0x0000004c   Code   RO         6577    i.vTaskDelay        tasks.o
    0x080098ec   0x080098ec   0x0000006c   Code   RO         6590    i.vTaskStartScheduler  tasks.o
    0x08009958   0x08009958   0x00000010   Code   RO         6592    i.vTaskSuspendAll   tasks.o
    0x08009968   0x08009968   0x0000005c   Code   RO         6593    i.vTaskSwitchContext  tasks.o
    0x080099c4   0x080099c4   0x000000e4   Code   RO          823    i.write_config_file  bmi2.o
    0x08009aa8   0x08009aa8   0x000000f4   Code   RO         7307    i.xPortStartScheduler  port.o
    0x08009b9c   0x08009b9c   0x0000005a   Code   RO         6595    i.xTaskCreate       tasks.o
    0x08009bf6   0x08009bf6   0x00000056   Code   RO         6596    i.xTaskCreateStatic  tasks.o
    0x08009c4c   0x08009c4c   0x000000c8   Code   RO         6603    i.xTaskIncrementTick  tasks.o
    0x08009d14   0x08009d14   0x000000c4   Code   RO         6609    i.xTaskResumeAll    tasks.o
    0x08009dd8   0x08009dd8   0x00000006   Data   RO          825    .constdata          bmi2.o
    0x08009dde   0x08009dde   0x00002045   Data   RO         1872    .constdata          bmi270.o
    0x0800be23   0x0800be23   0x00000001   PAD
    0x0800be24   0x0800be24   0x00000054   Data   RO         2711    .constdata          freertos.o
    0x0800be78   0x0800be78   0x00000008   Data   RO         3924    .constdata          stm32f4xx_hal_dma.o
    0x0800be80   0x0800be80   0x00000010   Data   RO         6063    .constdata          system_stm32f4xx.o
    0x0800be90   0x0800be90   0x00000008   Data   RO         6064    .constdata          system_stm32f4xx.o
    0x0800be98   0x0800be98   0x00000050   Data   RO         7544    .constdata          m_wm.l(asin.o)
    0x0800bee8   0x0800bee8   0x00000098   Data   RO         7627    .constdata          m_wm.l(atan.o)
    0x0800bf80   0x0800bf80   0x00000008   Data   RO         7662    .constdata          m_wm.l(qnan.o)
    0x0800bf88   0x0800bf88   0x00000024   Data   RO         2712    .conststring        freertos.o
    0x0800bfac   0x0800bfac   0x00000020   Data   RO         7721    Region$$Table       anon$$obj.o


    Execution Region RW_IRAM1 (Exec base: 0x20000000, Load base: 0x0800bfcc, Size: 0x00004e80, Max: 0x00020000, ABSOLUTE, COMPRESSED[0x00000088])

    Exec Addr    Load Addr    Size         Type   Attr      Idx    E Section Name        Object

    0x20000000   COMPRESSED   0x00000004   Data   RW          383    .data               drv_haltick.o
    0x20000004   COMPRESSED   0x0000006c   Data   RW          525    .data               bmi.o
    0x20000070   COMPRESSED   0x00000002   Data   RW         1732    .data               bmi2_common.o
    0x20000072   COMPRESSED   0x00000026   Data   RW         1905    .data               rc_sensor.o
    0x20000098   COMPRESSED   0x0000001c   Data   RW         1906    .data               rc_sensor.o
    0x200000b4   COMPRESSED   0x00000001   Data   RW         2031    .data               imu_sensor.o
    0x200000b5   COMPRESSED   0x00000003   PAD
    0x200000b8   COMPRESSED   0x0000002c   Data   RW         2032    .data               imu_sensor.o
    0x200000e4   COMPRESSED   0x0000001c   Data   RW         2033    .data               imu_sensor.o
    0x20000100   COMPRESSED   0x00000008   Data   RW         2034    .data               imu_sensor.o
    0x20000108   COMPRESSED   0x00000008   Data   RW         2070    .data               device.o
    0x20000110   COMPRESSED   0x00000020   Data   RW         2115    .data               system_task.o
    0x20000130   COMPRESSED   0x00000030   Data   RW         2116    .data               system_task.o
    0x20000160   COMPRESSED   0x00000004   Data   RW         2250    .data               monitor_task.o
    0x20000164   COMPRESSED   0x0000000e   Data   RW         2301    .data               control_task.o
    0x20000172   COMPRESSED   0x0000000c   Data   RW         2588    .data               imu_potocol.o
    0x2000017e   COMPRESSED   0x00000002   PAD
    0x20000180   COMPRESSED   0x0000000c   Data   RW         2713    .data               freertos.o
    0x2000018c   COMPRESSED   0x0000000c   Data   RW         4351    .data               stm32f4xx_hal.o
    0x20000198   COMPRESSED   0x00000004   Data   RW         6065    .data               system_stm32f4xx.o
    0x2000019c   COMPRESSED   0x0000003c   Data   RW         6612    .data               tasks.o
    0x200001d8   COMPRESSED   0x00000018   Data   RW         7245    .data               heap_4.o
    0x200001f0   COMPRESSED   0x0000000c   Data   RW         7308    .data               port.o
    0x200001fc   COMPRESSED   0x00000004   Data   RW         7693    .data               mc_w.l(mvars.o)
    0x20000200   COMPRESSED   0x00000004   Data   RW         7694    .data               mc_w.l(mvars.o)
    0x20000204   COMPRESSED   0x00000004   Data   RW         7698    .data               mc_w.l(errno.o)
    0x20000208        -       0x0000018e   Zero   RW          237    .bss                drv_uart.o
    0x20000396   COMPRESSED   0x00000002   PAD
    0x20000398        -       0x00000068   Zero   RW          524    .bss                bmi.o
    0x20000400        -       0x00000160   Zero   RW         2298    .bss                control_task.o
    0x20000560        -       0x00000254   Zero   RW         2710    .bss                freertos.o
    0x200007b4        -       0x00000048   Zero   RW         2763    .bss                adc.o
    0x200007fc        -       0x00000014   Zero   RW         2805    .bss                dac.o
    0x20000810        -       0x000000c0   Zero   RW         2876    .bss                tim.o
    0x200008d0        -       0x00000280   Zero   RW         2946    .bss                usart.o
    0x20000b50        -       0x00000040   Zero   RW         3139    .bss                stm32f4xx_hal_timebase_tim.o
    0x20000b90        -       0x000000f0   Zero   RW         6611    .bss                tasks.o
    0x20000c80        -       0x00003c00   Zero   RW         7244    .bss                heap_4.o
    0x20004880        -       0x00000200   Zero   RW            2    HEAP                startup_stm32f407xx.o
    0x20004a80        -       0x00000400   Zero   RW            1    STACK               startup_stm32f407xx.o


==============================================================================

Image component sizes


      Code (inc. data)   RO Data    RW Data    ZI Data      Debug   Object Name

       196         24          0          0         72       1777   adc.o
      1602         46          0        108        104      47507   bmi.o
     15630        116          6          0          0     116994   bmi2.o
       120         10       8261          0          0       1670   bmi270.o
       354         30          0          2          0       5690   bmi2_common.o
       120          0          0          0          0      23321   cmsis_os.o
       924        114          0         14        352       5141   control_task.o
       156         20          0          0         20       1743   dac.o
        12          4          0          8          0       5821   device.o
       108          4          0          0          0        878   dma.o
        44          4          0          0          0       1611   driver.o
        14          4          0          0          0        982   drv_adda.o
        60          6          0          4          0       1840   drv_haltick.o
         0          0          0          0          0     703276   drv_io.o
       200         22          0          0          0       5470   drv_tim.o
      1180         82          0          0        398       9573   drv_uart.o
         0          0          0          0          0      15816   event_groups.o
       104         14        120         12        596       6758   freertos.o
       304         20          0          0          0       1131   gpio.o
       460         24          0         24      15360       7471   heap_4.o
       208         10          0         12          0       2225   imu_potocol.o
       182         14          0         81          0       3009   imu_sensor.o
       138          0          0          0          0       3670   list.o
       226         10          0          0          0       2884   main.o
       148         18          0          4          0       1867   monitor_task.o
       150          0          0          0          0        968   pid.o
       702         72          0         12          0      11304   port.o
       186          6          0          0          0       2251   rc_potocol.o
       320          0          0         66          0      34279   rc_sensor.o
       544         62          0          0          0       4439   soft_iic.o
        36          8        392          0       1536        852   startup_stm32f407xx.o
        80         14          0         12          0       8210   stm32f4xx_hal.o
       712         28          0          0          0       2963   stm32f4xx_hal_adc.o
       158         14          0          0          0      33262   stm32f4xx_hal_cortex.o
       214          0          0          0          0       2799   stm32f4xx_hal_dac.o
       788         16          8          0          0       4855   stm32f4xx_hal_dma.o
       450         46          0          0          0       2456   stm32f4xx_hal_gpio.o
        56          4          0          0          0        910   stm32f4xx_hal_msp.o
      1396         86          0          0          0       6029   stm32f4xx_hal_rcc.o
      1872         90          0          0          0      17885   stm32f4xx_hal_tim.o
       148         28          0          0          0       2537   stm32f4xx_hal_tim_ex.o
       116         14          0          0         64       1483   stm32f4xx_hal_timebase_tim.o
       968         16          0          0          0       7683   stm32f4xx_hal_uart.o
       156         54          0          0          0       7501   stm32f4xx_it.o
         0          0          0          0          0        392   stream_buffer.o
        28          6         24          4          0       1215   system_stm32f4xx.o
       482         50          0         80          0      47212   system_task.o
      1516        110          0         60        240      19846   tasks.o
       776         70          0          0        192       4764   tim.o
       992         86          0          0        640       4427   usart.o

    ----------------------------------------------------------------------
     35396       1476       8844        508      19576    1208647   Object Totals
         0          0         32          0          0          0   (incl. Generated)
        60          0          1          5          2          0   (incl. Padding)

    ----------------------------------------------------------------------

      Code (inc. data)   RO Data    RW Data    ZI Data      Debug   Library Member Name

       864         94         80          0          0        280   asin.o
       744        106        152          0          0        352   atan.o
       496         64          0          0          0        192   atan2.o
       104         16          0          0          0        496   dunder.o
        24          0          0          0          0        124   fabs.o
        48          0          0          0          0        124   fpclassify.o
       248          0          0          0          0        152   poly.o
         0          0          8          0          0          0   qnan.o
       110          0          0          0          0        148   sqrt.o
        86          0          0          0          0          0   __dczerorl2.o
         0          0          0          0          0          0   entry.o
         0          0          0          0          0          0   entry10a.o
         0          0          0          0          0          0   entry11a.o
         8          4          0          0          0          0   entry2.o
         4          0          0          0          0          0   entry5.o
         0          0          0          0          0          0   entry7b.o
         0          0          0          0          0          0   entry8b.o
         8          4          0          0          0          0   entry9a.o
        12          6          0          4          0         68   errno.o
        30          0          0          0          0          0   handlers.o
        36          8          0          0          0         68   init.o
         0          0          0          0          0          0   iusefp.o
        30          0          0          0          0         68   llshl.o
        36          0          0          0          0         68   llsshr.o
        32          0          0          0          0         68   llushr.o
       188         20          0          0          0        160   malloc.o
        36          0          0          0          0         68   memcpya.o
        36          0          0          0          0        108   memseta.o
         0          0          0          8          0          0   mvars.o
        98          0          0          0          0         92   uldiv.o
        56          0          0          0          0         88   d2f.o
       334          0          0          0          0        148   dadd.o
       222          0          0          0          0        100   ddiv.o
       186          0          0          0          0        176   depilogue.o
       228          0          0          0          0         96   dmul.o
       162          0          0          0          0        100   dsqrt.o
        38          0          0          0          0         68   f2d.o
       110          0          0          0          0        168   fepilogue.o

    ----------------------------------------------------------------------
      4620        322        240         12          0       3580   Library Totals
         6          0          0          0          0          0   (incl. Padding)

    ----------------------------------------------------------------------

      Code (inc. data)   RO Data    RW Data    ZI Data      Debug   Library Name

      2638        280        240          0          0       1868   m_wm.l
       640         42          0         12          0        768   mc_w.l
      1336          0          0          0          0        944   mf_w.l

    ----------------------------------------------------------------------
      4620        322        240         12          0       3580   Library Totals

    ----------------------------------------------------------------------

==============================================================================


      Code (inc. data)   RO Data    RW Data    ZI Data      Debug   

     40016       1798       9084        520      19576    1179431   Grand Totals
     40016       1798       9084        136      19576    1179431   ELF Image Totals (compressed)
     40016       1798       9084        136          0          0   ROM Totals

==============================================================================

    Total RO  Size (Code + RO Data)                49100 (  47.95kB)
    Total RW  Size (RW Data + ZI Data)             20096 (  19.63kB)
    Total ROM Size (Code + RO Data + RW Data)      49236 (  48.08kB)

==============================================================================

